Archive member included to satisfy reference by file (symbol)

c:/st/stm32cubeide_1.4.0/stm32cubeide/plugins/com.st.stm32cube.ide.mcu.externaltools.gnu-tools-for-stm32.10.3-2021.10.win32_1.0.200.202301161003/tools/bin/../lib/gcc/arm-none-eabi/10.3.1/../../../../arm-none-eabi/lib/thumb/v7e-m+fp/hard\libc_nano.a(lib_a-errno.o)
                              ./Core/Src/syscalls.o (__errno)
c:/st/stm32cubeide_1.4.0/stm32cubeide/plugins/com.st.stm32cube.ide.mcu.externaltools.gnu-tools-for-stm32.10.3-2021.10.win32_1.0.200.202301161003/tools/bin/../lib/gcc/arm-none-eabi/10.3.1/../../../../arm-none-eabi/lib/thumb/v7e-m+fp/hard\libc_nano.a(lib_a-exit.o)
                              c:/st/stm32cubeide_1.4.0/stm32cubeide/plugins/com.st.stm32cube.ide.mcu.externaltools.gnu-tools-for-stm32.10.3-2021.10.win32_1.0.200.202301161003/tools/bin/../lib/gcc/arm-none-eabi/10.3.1/../../../../arm-none-eabi/lib/thumb/v7e-m+fp/hard/crt0.o (exit)
c:/st/stm32cubeide_1.4.0/stm32cubeide/plugins/com.st.stm32cube.ide.mcu.externaltools.gnu-tools-for-stm32.10.3-2021.10.win32_1.0.200.202301161003/tools/bin/../lib/gcc/arm-none-eabi/10.3.1/../../../../arm-none-eabi/lib/thumb/v7e-m+fp/hard\libc_nano.a(lib_a-impure.o)
                              c:/st/stm32cubeide_1.4.0/stm32cubeide/plugins/com.st.stm32cube.ide.mcu.externaltools.gnu-tools-for-stm32.10.3-2021.10.win32_1.0.200.202301161003/tools/bin/../lib/gcc/arm-none-eabi/10.3.1/../../../../arm-none-eabi/lib/thumb/v7e-m+fp/hard\libc_nano.a(lib_a-exit.o) (_global_impure_ptr)
c:/st/stm32cubeide_1.4.0/stm32cubeide/plugins/com.st.stm32cube.ide.mcu.externaltools.gnu-tools-for-stm32.10.3-2021.10.win32_1.0.200.202301161003/tools/bin/../lib/gcc/arm-none-eabi/10.3.1/../../../../arm-none-eabi/lib/thumb/v7e-m+fp/hard\libc_nano.a(lib_a-init.o)
                              c:/st/stm32cubeide_1.4.0/stm32cubeide/plugins/com.st.stm32cube.ide.mcu.externaltools.gnu-tools-for-stm32.10.3-2021.10.win32_1.0.200.202301161003/tools/bin/../lib/gcc/arm-none-eabi/10.3.1/../../../../arm-none-eabi/lib/thumb/v7e-m+fp/hard/crt0.o (__libc_init_array)
c:/st/stm32cubeide_1.4.0/stm32cubeide/plugins/com.st.stm32cube.ide.mcu.externaltools.gnu-tools-for-stm32.10.3-2021.10.win32_1.0.200.202301161003/tools/bin/../lib/gcc/arm-none-eabi/10.3.1/../../../../arm-none-eabi/lib/thumb/v7e-m+fp/hard\libc_nano.a(lib_a-memcpy-stub.o)
                              ./common/ThirdParty/FreeRTOS/queue.o (memcpy)
c:/st/stm32cubeide_1.4.0/stm32cubeide/plugins/com.st.stm32cube.ide.mcu.externaltools.gnu-tools-for-stm32.10.3-2021.10.win32_1.0.200.202301161003/tools/bin/../lib/gcc/arm-none-eabi/10.3.1/../../../../arm-none-eabi/lib/thumb/v7e-m+fp/hard\libc_nano.a(lib_a-memset.o)
                              c:/st/stm32cubeide_1.4.0/stm32cubeide/plugins/com.st.stm32cube.ide.mcu.externaltools.gnu-tools-for-stm32.10.3-2021.10.win32_1.0.200.202301161003/tools/bin/../lib/gcc/arm-none-eabi/10.3.1/../../../../arm-none-eabi/lib/thumb/v7e-m+fp/hard/crt0.o (memset)
c:/st/stm32cubeide_1.4.0/stm32cubeide/plugins/com.st.stm32cube.ide.mcu.externaltools.gnu-tools-for-stm32.10.3-2021.10.win32_1.0.200.202301161003/tools/bin/../lib/gcc/arm-none-eabi/10.3.1/../../../../arm-none-eabi/lib/thumb/v7e-m+fp/hard\libc_nano.a(lib_a-sprintf.o)
                              ./Core/Src/rtc.o (sprintf)
c:/st/stm32cubeide_1.4.0/stm32cubeide/plugins/com.st.stm32cube.ide.mcu.externaltools.gnu-tools-for-stm32.10.3-2021.10.win32_1.0.200.202301161003/tools/bin/../lib/gcc/arm-none-eabi/10.3.1/../../../../arm-none-eabi/lib/thumb/v7e-m+fp/hard\libc_nano.a(lib_a-strcmp.o)
                              ./Core/Src/Task_handler.o (strcmp)
c:/st/stm32cubeide_1.4.0/stm32cubeide/plugins/com.st.stm32cube.ide.mcu.externaltools.gnu-tools-for-stm32.10.3-2021.10.win32_1.0.200.202301161003/tools/bin/../lib/gcc/arm-none-eabi/10.3.1/../../../../arm-none-eabi/lib/thumb/v7e-m+fp/hard\libc_nano.a(lib_a-strlen.o)
                              ./Core/Src/Task_handler.o (strlen)
c:/st/stm32cubeide_1.4.0/stm32cubeide/plugins/com.st.stm32cube.ide.mcu.externaltools.gnu-tools-for-stm32.10.3-2021.10.win32_1.0.200.202301161003/tools/bin/../lib/gcc/arm-none-eabi/10.3.1/../../../../arm-none-eabi/lib/thumb/v7e-m+fp/hard\libc_nano.a(lib_a-nano-svfprintf.o)
                              c:/st/stm32cubeide_1.4.0/stm32cubeide/plugins/com.st.stm32cube.ide.mcu.externaltools.gnu-tools-for-stm32.10.3-2021.10.win32_1.0.200.202301161003/tools/bin/../lib/gcc/arm-none-eabi/10.3.1/../../../../arm-none-eabi/lib/thumb/v7e-m+fp/hard\libc_nano.a(lib_a-sprintf.o) (_svfprintf_r)
c:/st/stm32cubeide_1.4.0/stm32cubeide/plugins/com.st.stm32cube.ide.mcu.externaltools.gnu-tools-for-stm32.10.3-2021.10.win32_1.0.200.202301161003/tools/bin/../lib/gcc/arm-none-eabi/10.3.1/../../../../arm-none-eabi/lib/thumb/v7e-m+fp/hard\libc_nano.a(lib_a-nano-vfprintf_i.o)
[...]
Memory Configuration

Name             Origin             Length             Attributes
RAM              0x0000000020000000 0x0000000000018000 xrw
RAM2             0x0000000010000000 0x0000000000008000 xrw
FLASH            0x0000000008000000 0x0000000000100000 xr
*default*        0x0000000000000000 0xffffffffffffffff

Linker script and memory map

LOAD c:/st/stm32cubeide_1.4.0/stm32cubeide/plugins/com.st.stm32cube.ide.mcu.externaltools.gnu-tools-for-stm32.10.3-2021.10.win32_1.0.200.202301161003/tools/bin/../lib/gcc/arm-none-eabi/10.3.1/thumb/v7e-m+fp/hard/crti.o
LOAD c:/st/stm32cubeide_1.4.0/stm32cubeide/plugins/com.st.stm32cube.ide.mcu.externaltools.gnu-tools-for-stm32.10.3-2021.10.win32_1.0.200.202301161003/tools/bin/../lib/gcc/arm-none-eabi/10.3.1/thumb/v7e-m+fp/hard/crtbegin.o
LOAD c:/st/stm32cubeide_1.4.0/stm32cubeide/plugins/com.st.stm32cube.ide.mcu.externaltools.gnu-tools-for-stm32.10.3-2021.10.win32_1.0.200.202301161003/tools/bin/../lib/gcc/arm-none-eabi/10.3.1/../../../../arm-none-eabi/lib/thumb/v7e-m+fp/hard/crt0.o
LOAD ./Core/Src/Led_effect.o
LOAD ./Core/Src/Task_handler.o
LOAD ./Core/Src/main.o
LOAD ./Core/Src/rtc.o
LOAD ./Core/Src/stm32l4xx_hal_msp.o
LOAD ./Core/Src/stm32l4xx_hal_timebase_tim.o
LOAD ./Core/Src/stm32l4xx_it.o
LOAD ./Core/Src/syscalls.o
LOAD ./Core/Src/sysmem.o
LOAD ./Core/Src/system_stm32l4xx.o
LOAD ./Core/Startup/startup_stm32l476rgtx.o
LOAD ./Drivers/STM32L4xx_HAL_Driver/Src/stm32l4xx_hal.o
LOAD ./Drivers/STM32L4xx_HAL_Driver/Src/stm32l4xx_hal_cortex.o
LOAD ./Drivers/STM32L4xx_HAL_Driver/Src/stm32l4xx_hal_dma.o
LOAD ./Drivers/STM32L4xx_HAL_Driver/Src/stm32l4xx_hal_dma_ex.o
LOAD ./Drivers/STM32L4xx_HAL_Driver/Src/stm32l4xx_hal_exti.o
LOAD ./Drivers/STM32L4xx_HAL_Driver/Src/stm32l4xx_hal_flash.o
LOAD ./Drivers/STM32L4xx_HAL_Driver/Src/stm32l4xx_hal_flash_ex.o
LOAD ./Drivers/STM32L4xx_HAL_Driver/Src/stm32l4xx_hal_flash_ramfunc.o
LOAD ./Drivers/STM32L4xx_HAL_Driver/Src/stm32l4xx_hal_gpio.o
LOAD ./Drivers/STM32L4xx_HAL_Driver/Src/stm32l4xx_hal_pwr.o
LOAD ./Drivers/STM32L4xx_HAL_Driver/Src/stm32l4xx_hal_pwr_ex.o
LOAD ./Drivers/STM32L4xx_HAL_Driver/Src/stm32l4xx_hal_rcc.o
LOAD ./Drivers/STM32L4xx_HAL_Driver/Src/stm32l4xx_hal_rcc_ex.o
LOAD ./Drivers/STM32L4xx_HAL_Driver/Src/stm32l4xx_hal_rtc.o
LOAD ./Drivers/STM32L4xx_HAL_Driver/Src/stm32l4xx_hal_rtc_ex.o
LOAD ./Drivers/STM32L4xx_HAL_Driver/Src/stm32l4xx_hal_tim.o
LOAD ./Drivers/STM32L4xx_HAL_Driver/Src/stm32l4xx_hal_tim_ex.o
LOAD ./Drivers/STM32L4xx_HAL_Driver/Src/stm32l4xx_hal_uart.o
LOAD ./Drivers/STM32L4xx_HAL_Driver/Src/stm32l4xx_hal_uart_ex.o
LOAD ./common/ThirdParty/FreeRTOS/croutine.o
LOAD ./common/ThirdParty/FreeRTOS/event_groups.o
LOAD ./common/ThirdParty/FreeRTOS/list.o
LOAD ./common/ThirdParty/FreeRTOS/queue.o
LOAD ./common/ThirdParty/FreeRTOS/stream_buffer.o
LOAD ./common/ThirdParty/FreeRTOS/tasks.o
LOAD ./common/ThirdParty/FreeRTOS/timers.o
LOAD ./common/ThirdParty/FreeRTOS/portable/GCC/ARM_CM4F/port.o
LOAD ./common/ThirdParty/FreeRTOS/portable/MemMang/heap_4.o
START GROUP
LOAD c:/st/stm32cubeide_1.4.0/stm32cubeide/plugins/com.st.stm32cube.ide.mcu.externaltools.gnu-tools-for-stm32.10.3-2021.10.win32_1.0.200.202301161003/tools/bin/../lib/gcc/arm-none-eabi/10.3.1/../../../../arm-none-eabi/lib/thumb/v7e-m+fp/hard\libc_nano.a
LOAD c:/st/stm32cubeide_1.4.0/stm32cubeide/plugins/com.st.stm32cube.ide.mcu.externaltools.gnu-tools-for-stm32.10.3-2021.10.win32_1.0.200.202301161003/tools/bin/../lib/gcc/arm-none-eabi/10.3.1/../../../../arm-none-eabi/lib/thumb/v7e-m+fp/hard\libm.a
END GROUP
START GROUP
LOAD c:/st/stm32cubeide_1.4.0/stm32cubeide/plugins/com.st.stm32cube.ide.mcu.externaltools.gnu-tools-for-stm32.10.3-2021.10.win32_1.0.200.202301161003/tools/bin/../lib/gcc/arm-none-eabi/10.3.1/thumb/v7e-m+fp/hard\libgcc.a
LOAD c:/st/stm32cubeide_1.4.0/stm32cubeide/plugins/com.st.stm32cube.ide.mcu.externaltools.gnu-tools-for-stm32.10.3-2021.10.win32_1.0.200.202301161003/tools/bin/../lib/gcc/arm-none-eabi/10.3.1/../../../../arm-none-eabi/lib/thumb/v7e-m+fp/hard\libc_nano.a
END GROUP
START GROUP
LOAD c:/st/stm32cubeide_1.4.0/stm32cubeide/plugins/com.st.stm32cube.ide.mcu.externaltools.gnu-tools-for-stm32.10.3-2021.10.win32_1.0.200.202301161003/tools/bin/../lib/gcc/arm-none-eabi/10.3.1/thumb/v7e-m+fp/hard\libgcc.a
LOAD c:/st/stm32cubeide_1.4.0/stm32cubeide/plugins/com.st.stm32cube.ide.mcu.externaltools.gnu-tools-for-stm32.10.3-2021.10.win32_1.0.200.202301161003/tools/bin/../lib/gcc/arm-none-eabi/10.3.1/../../../../arm-none-eabi/lib/thumb/v7e-m+fp/hard\libc_nano.a
LOAD c:/st/stm32cubeide_1.4.0/stm32cubeide/plugins/com.st.stm32cube.ide.mcu.externaltools.gnu-tools-for-stm32.10.3-2021.10.win32_1.0.200.202301161003/tools/bin/../lib/gcc/arm-none-eabi/10.3.1/../../../../arm-none-eabi/lib/thumb/v7e-m+fp/hard\libnosys.a
END GROUP
START GROUP
LOAD c:/st/stm32cubeide_1.4.0/stm32cubeide/plugins/com.st.stm32cube.ide.mcu.externaltools.gnu-tools-for-stm32.10.3-2021.10.win32_1.0.200.202301161003/tools/bin/../lib/gcc/arm-none-eabi/10.3.1/thumb/v7e-m+fp/hard\libgcc.a
LOAD c:/st/stm32cubeide_1.4.0/stm32cubeide/plugins/com.st.stm32cube.ide.mcu.externaltools.gnu-tools-for-stm32.10.3-2021.10.win32_1.0.200.202301161003/tools/bin/../lib/gcc/arm-none-eabi/10.3.1/../../../../arm-none-eabi/lib/thumb/v7e-m+fp/hard\libc_nano.a
LOAD c:/st/stm32cubeide_1.4.0/stm32cubeide/plugins/com.st.stm32cube.ide.mcu.externaltools.gnu-tools-for-stm32.10.3-2021.10.win32_1.0.200.202301161003/tools/bin/../lib/gcc/arm-none-eabi/10.3.1/../../../../arm-none-eabi/lib/thumb/v7e-m+fp/hard\libnosys.a
END GROUP
LOAD c:/st/stm32cubeide_1.4.0/stm32cubeide/plugins/com.st.stm32cube.ide.mcu.externaltools.gnu-tools-for-stm32.10.3-2021.10.win32_1.0.200.202301161003/tools/bin/../lib/gcc/arm-none-eabi/10.3.1/thumb/v7e-m+fp/hard/crtend.o
LOAD c:/st/stm32cubeide_1.4.0/stm32cubeide/plugins/com.st.stm32cube.ide.mcu.externaltools.gnu-tools-for-stm32.10.3-2021.10.win32_1.0.200.202301161003/tools/bin/../lib/gcc/arm-none-eabi/10.3.1/thumb/v7e-m+fp/hard/crtn.o
                0x0000000020018000                _estack = (ORIGIN (RAM) + LENGTH (RAM))
                0x0000000000000200                _Min_Heap_Size = 0x200
                0x0000000000000400                _Min_Stack_Size = 0x400

.isr_vector     0x0000000008000000      0x188
                0x0000000008000000                . = ALIGN (0x4)
 *(.isr_vector)
 .isr_vector    0x0000000008000000      0x188 ./Core/Startup/startup_stm32l476rgtx.o
                0x0000000008000000                g_pfnVectors
                0x0000000008000188                . = ALIGN (0x4)

.text           0x0000000008000190     0x9200
                0x0000000008000190                . = ALIGN (0x4)
 *(.text)
 .text          0x0000000008000190       0x40 c:/st/stm32cubeide_1.4.0/stm32cubeide/plugins/com.st.stm32cube.ide.mcu.externaltools.gnu-tools-for-stm32.10.3-2021.10.win32_1.0.200.202301161003/tools/bin/../lib/gcc/arm-none-eabi/10.3.1/thumb/v7e-m+fp/hard/crtbegin.o
 .text          0x00000000080001d0       0x14 c:/st/stm32cubeide_1.4.0/stm32cubeide/plugins/com.st.stm32cube.ide.mcu.externaltools.gnu-tools-for-stm32.10.3-2021.10.win32_1.0.200.202301161003/tools/bin/../lib/gcc/arm-none-eabi/10.3.1/../../../../arm-none-eabi/lib/thumb/v7e-m+fp/hard\libc_nano.a(lib_a-strcmp.o)
                0x00000000080001d0                strcmp
 .text          0x00000000080001e4       0x10 c:/st/stm32cubeide_1.4.0/stm32cubeide/plugins/com.st.stm32cube.ide.mcu.externaltools.gnu-tools-for-stm32.10.3-2021.10.win32_1.0.200.202301161003/tools/bin/../lib/gcc/arm-none-eabi/10.3.1/../../../../arm-none-eabi/lib/thumb/v7e-m+fp/hard\libc_nano.a(lib_a-strlen.o)
                0x00000000080001e4                strlen
 *fill*         0x00000000080001f4        0xc 
 .text          0x0000000008000200       0xa0 c:/st/stm32cubeide_1.4.0/stm32cubeide/plugins/com.st.stm32cube.ide.mcu.externaltools.gnu-tools-for-stm32.10.3-2021.10.win32_1.0.200.202301161003/tools/bin/../lib/gcc/arm-none-eabi/10.3.1/../../../../arm-none-eabi/lib/thumb/v7e-m+fp/hard\libc_nano.a(lib_a-memchr.o)
                0x0000000008000200                memchr
 .text          0x00000000080002a0       0x30 c:/st/stm32cubeide_1.4.0/stm32cubeide/plugins/com.st.stm32cube.ide.mcu.externaltools.gnu-tools-for-stm32.10.3-2021.10.win32_1.0.200.202301161003/tools/bin/../lib/gcc/arm-none-eabi/10.3.1/thumb/v7e-m+fp/hard\libgcc.a(_aeabi_uldivmod.o)
                0x00000000080002a0                __aeabi_uldivmod
 .text          0x00000000080002d0      0x2d0 c:/st/stm32cubeide_1.4.0/stm32cubeide/plugins/com.st.stm32cube.ide.mcu.externaltools.gnu-tools-for-stm32.10.3-2021.10.win32_1.0.200.202301161003/tools/bin/../lib/gcc/arm-none-eabi/10.3.1/thumb/v7e-m+fp/hard\libgcc.a(_udivmoddi4.o)
                0x00000000080002d0                __udivmoddi4
 .text          0x00000000080005a0        0x4 c:/st/stm32cubeide_1.4.0/stm32cubeide/plugins/com.st.stm32cube.ide.mcu.externaltools.gnu-tools-for-stm32.10.3-2021.10.win32_1.0.200.202301161003/tools/bin/../lib/gcc/arm-none-eabi/10.3.1/thumb/v7e-m+fp/hard\libgcc.a(_dvmd_tls.o)
                0x00000000080005a0                __aeabi_idiv0
                0x00000000080005a0                __aeabi_ldiv0
 *(.text*)
 .text.led_effect_stop
                0x00000000080005a4       0x48 ./Core/Src/Led_effect.o
                0x00000000080005a4                led_effect_stop
 .text.led_effect
                0x00000000080005ec       0x38 ./Core/Src/Led_effect.o
                0x00000000080005ec                led_effect
 .text.turn_off_all_leds
                0x0000000008000624       0x3c ./Core/Src/Led_effect.o
                0x0000000008000624                turn_off_all_leds
 .text.turn_on_all_leds
                0x0000000008000660       0x3c ./Core/Src/Led_effect.o
                0x0000000008000660                turn_on_all_leds
 .text.LED_effect1
                0x000000000800069c       0x2c ./Core/Src/Led_effect.o
                0x000000000800069c                LED_effect1
 .text.turn_off_two_leds
                0x00000000080006c8       0x3c ./Core/Src/Led_effect.o
                0x00000000080006c8                turn_off_two_leds
 .text.turn_on_two_leds
                0x0000000008000704       0x3c ./Core/Src/Led_effect.o
                0x0000000008000704                turn_on_two_leds
 .text.LED_effect2
                0x0000000008000740       0x2c ./Core/Src/Led_effect.o
                0x0000000008000740                LED_effect2
 .text.turn_off_up_leds
                0x000000000800076c       0x8c ./Core/Src/Led_effect.o
                0x000000000800076c                turn_off_up_leds
 .text.turn_on_up_leds
                0x00000000080007f8       0x90 ./Core/Src/Led_effect.o
                0x00000000080007f8                turn_on_up_leds
 .text.LED_effect3
                0x0000000008000888       0x2c ./Core/Src/Led_effect.o
                0x0000000008000888                LED_effect3
 .text.turn_off_down_leds
                0x00000000080008b4       0x8c ./Core/Src/Led_effect.o
                0x00000000080008b4                turn_off_down_leds
 .text.turn_on_down_leds
                0x0000000008000940       0x90 ./Core/Src/Led_effect.o
                0x0000000008000940                turn_on_down_leds
 .text.LED_effect4
                0x00000000080009d0       0x2c ./Core/Src/Led_effect.o
                0x00000000080009d0                LED_effect4
 .text.Menu_task
                0x00000000080009fc       0xe8 ./Core/Src/Task_handler.o
                0x00000000080009fc                Menu_task
 .text.LED_task
                0x0000000008000ae4      0x12c ./Core/Src/Task_handler.o
                0x0000000008000ae4                LED_task
 .text.Print_task
                0x0000000008000c10       0x40 ./Core/Src/Task_handler.o
                0x0000000008000c10                Print_task
 .text.Command_handling_task
                0x0000000008000c50       0x2e ./Core/Src/Task_handler.o
                0x0000000008000c50                Command_handling_task
 *fill*         0x0000000008000c7e        0x2 
 .text.process_command
                0x0000000008000c80       0x78 ./Core/Src/Task_handler.o
                0x0000000008000c80                process_command
 .text.extract_command
                0x0000000008000cf8       0x74 ./Core/Src/Task_handler.o
                0x0000000008000cf8                extract_command
 .text.getnumber
                0x0000000008000d6c       0x48 ./Core/Src/Task_handler.o
                0x0000000008000d6c                getnumber
 .text.RTC_task
                0x0000000008000db4      0x3d0 ./Core/Src/Task_handler.o
                0x0000000008000db4                RTC_task
 .text.main     0x0000000008001184      0x194 ./Core/Src/main.o
                0x0000000008001184                main
 .text.SystemClock_Config
                0x0000000008001318       0xa6 ./Core/Src/main.o
                0x0000000008001318                SystemClock_Config
 *fill*         0x00000000080013be        0x2 
 .text.MX_RTC_Init
                0x00000000080013c0       0x50 ./Core/Src/main.o
 .text.MX_USART2_UART_Init
                0x0000000008001410       0x60 ./Core/Src/main.o
 .text.MX_GPIO_Init
                0x0000000008001470      0x110 ./Core/Src/main.o
 .text.HAL_UART_RxCpltCallback
                0x0000000008001580       0x94 ./Core/Src/main.o
                0x0000000008001580                HAL_UART_RxCpltCallback
 .text.led_effect_callback
                0x0000000008001614       0x50 ./Core/Src/main.o
                0x0000000008001614                led_effect_callback
 .text.HAL_TIM_PeriodElapsedCallback
                0x0000000008001664       0x24 ./Core/Src/main.o
                0x0000000008001664                HAL_TIM_PeriodElapsedCallback
 .text.Error_Handler
                0x0000000008001688        0xa ./Core/Src/main.o
                0x0000000008001688                Error_Handler
 *fill*         0x0000000008001692        0x2 
 .text.show_time_date
                0x0000000008001694       0xd8 ./Core/Src/rtc.o
                0x0000000008001694                show_time_date
 .text.rtc_configure_time
                0x000000000800176c       0x30 ./Core/Src/rtc.o
                0x000000000800176c                rtc_configure_time
 .text.rtc_configure_date
                0x000000000800179c       0x20 ./Core/Src/rtc.o
                0x000000000800179c                rtc_configure_date
 .text.validate_rtc_information
                0x00000000080017bc       0x64 ./Core/Src/rtc.o
                0x00000000080017bc                validate_rtc_information
 .text.HAL_MspInit
                0x0000000008001820       0x48 ./Core/Src/stm32l4xx_hal_msp.o
                0x0000000008001820                HAL_MspInit
 .text.HAL_RTC_MspInit
                0x0000000008001868       0x64 ./Core/Src/stm32l4xx_hal_msp.o
                0x0000000008001868                HAL_RTC_MspInit
 .text.HAL_UART_MspInit
                0x00000000080018cc       0xc8 ./Core/Src/stm32l4xx_hal_msp.o
                0x00000000080018cc                HAL_UART_MspInit
 .text.HAL_InitTick
                0x0000000008001994       0xf4 ./Core/Src/stm32l4xx_hal_timebase_tim.o
                0x0000000008001994                HAL_InitTick
 .text.NMI_Handler
                0x0000000008001a88        0x6 ./Core/Src/stm32l4xx_it.o
                0x0000000008001a88                NMI_Handler
 .text.HardFault_Handler
                0x0000000008001a8e        0x6 ./Core/Src/stm32l4xx_it.o
                0x0000000008001a8e                HardFault_Handler
 .text.MemManage_Handler
                0x0000000008001a94        0x6 ./Core/Src/stm32l4xx_it.o
                0x0000000008001a94                MemManage_Handler
 .text.BusFault_Handler
                0x0000000008001a9a        0x6 ./Core/Src/stm32l4xx_it.o
                0x0000000008001a9a                BusFault_Handler
 .text.UsageFault_Handler
                0x0000000008001aa0        0x6 ./Core/Src/stm32l4xx_it.o
                0x0000000008001aa0                UsageFault_Handler
 .text.DebugMon_Handler
                0x0000000008001aa6        0xe ./Core/Src/stm32l4xx_it.o
                0x0000000008001aa6                DebugMon_Handler
 .text.USART2_IRQHandler
                0x0000000008001ab4       0x14 ./Core/Src/stm32l4xx_it.o
                0x0000000008001ab4                USART2_IRQHandler
 .text.EXTI15_10_IRQHandler
                0x0000000008001ac8       0x10 ./Core/Src/stm32l4xx_it.o
                0x0000000008001ac8                EXTI15_10_IRQHandler
 .text.TIM6_DAC_IRQHandler
                0x0000000008001ad8       0x14 ./Core/Src/stm32l4xx_it.o
                0x0000000008001ad8                TIM6_DAC_IRQHandler
 .text._sbrk    0x0000000008001aec       0x6c ./Core/Src/sysmem.o
                0x0000000008001aec                _sbrk
 .text.SystemInit
                0x0000000008001b58       0x24 ./Core/Src/system_stm32l4xx.o
                0x0000000008001b58                SystemInit
 .text.Reset_Handler
                0x0000000008001b7c       0x50 ./Core/Startup/startup_stm32l476rgtx.o
                0x0000000008001b7c                Reset_Handler
 .text.Default_Handler
                0x0000000008001bcc        0x2 ./Core/Startup/startup_stm32l476rgtx.o
                0x0000000008001bcc                RTC_Alarm_IRQHandler
                0x0000000008001bcc                EXTI2_IRQHandler
                0x0000000008001bcc                TIM8_TRG_COM_IRQHandler
                0x0000000008001bcc                TIM8_CC_IRQHandler
                0x0000000008001bcc                TIM1_CC_IRQHandler
                0x0000000008001bcc                TSC_IRQHandler
                0x0000000008001bcc                TAMP_STAMP_IRQHandler
                0x0000000008001bcc                EXTI3_IRQHandler
                0x0000000008001bcc                LPTIM2_IRQHandler
                0x0000000008001bcc                DFSDM1_FLT1_IRQHandler
                0x0000000008001bcc                I2C3_ER_IRQHandler
                0x0000000008001bcc                DFSDM1_FLT2_IRQHandler
                0x0000000008001bcc                EXTI0_IRQHandler
                0x0000000008001bcc                I2C2_EV_IRQHandler
                0x0000000008001bcc                CAN1_RX0_IRQHandler
                0x0000000008001bcc                FPU_IRQHandler
                0x0000000008001bcc                TIM1_UP_TIM16_IRQHandler
                0x0000000008001bcc                ADC1_2_IRQHandler
                0x0000000008001bcc                SPI1_IRQHandler
                0x0000000008001bcc                TIM8_UP_IRQHandler
                0x0000000008001bcc                DMA2_Channel2_IRQHandler
                0x0000000008001bcc                DMA1_Channel4_IRQHandler
                0x0000000008001bcc                SAI2_IRQHandler
                0x0000000008001bcc                DFSDM1_FLT3_IRQHandler
                0x0000000008001bcc                USART3_IRQHandler
                0x0000000008001bcc                DMA1_Channel7_IRQHandler
                0x0000000008001bcc                CAN1_RX1_IRQHandler
                0x0000000008001bcc                LCD_IRQHandler
                0x0000000008001bcc                UART5_IRQHandler
                0x0000000008001bcc                ADC3_IRQHandler
                0x0000000008001bcc                TIM4_IRQHandler
                0x0000000008001bcc                DMA2_Channel1_IRQHandler
                0x0000000008001bcc                QUADSPI_IRQHandler
                0x0000000008001bcc                I2C1_EV_IRQHandler
                0x0000000008001bcc                DMA1_Channel6_IRQHandler
                0x0000000008001bcc                UART4_IRQHandler
                0x0000000008001bcc                DMA2_Channel4_IRQHandler
                0x0000000008001bcc                TIM3_IRQHandler
                0x0000000008001bcc                RCC_IRQHandler
                0x0000000008001bcc                DMA1_Channel1_IRQHandler
                0x0000000008001bcc                Default_Handler
                0x0000000008001bcc                DMA2_Channel7_IRQHandler
                0x0000000008001bcc                TIM7_IRQHandler
                0x0000000008001bcc                SDMMC1_IRQHandler
                0x0000000008001bcc                TIM5_IRQHandler
                0x0000000008001bcc                I2C3_EV_IRQHandler
                0x0000000008001bcc                EXTI9_5_IRQHandler
                0x0000000008001bcc                RTC_WKUP_IRQHandler
                0x0000000008001bcc                PVD_PVM_IRQHandler
                0x0000000008001bcc                SPI2_IRQHandler
                0x0000000008001bcc                CAN1_TX_IRQHandler
                0x0000000008001bcc                DMA2_Channel5_IRQHandler
                0x0000000008001bcc                DMA1_Channel5_IRQHandler
                0x0000000008001bcc                EXTI4_IRQHandler
                0x0000000008001bcc                RNG_IRQHandler
                0x0000000008001bcc                TIM1_TRG_COM_TIM17_IRQHandler
                0x0000000008001bcc                DMA1_Channel3_IRQHandler
                0x0000000008001bcc                COMP_IRQHandler
                0x0000000008001bcc                WWDG_IRQHandler
                0x0000000008001bcc                LPUART1_IRQHandler
                0x0000000008001bcc                DMA2_Channel6_IRQHandler
                0x0000000008001bcc                TIM2_IRQHandler
                0x0000000008001bcc                EXTI1_IRQHandler
                0x0000000008001bcc                DFSDM1_FLT0_IRQHandler
                0x0000000008001bcc                I2C2_ER_IRQHandler
                0x0000000008001bcc                DMA1_Channel2_IRQHandler
                0x0000000008001bcc                TIM8_BRK_IRQHandler
                0x0000000008001bcc                CAN1_SCE_IRQHandler
                0x0000000008001bcc                FLASH_IRQHandler
                0x0000000008001bcc                USART1_IRQHandler
                0x0000000008001bcc                OTG_FS_IRQHandler
                0x0000000008001bcc                SPI3_IRQHandler
                0x0000000008001bcc                I2C1_ER_IRQHandler
                0x0000000008001bcc                FMC_IRQHandler
                0x0000000008001bcc                SWPMI1_IRQHandler
                0x0000000008001bcc                LPTIM1_IRQHandler
                0x0000000008001bcc                SAI1_IRQHandler
                0x0000000008001bcc                DMA2_Channel3_IRQHandler
                0x0000000008001bcc                TIM1_BRK_TIM15_IRQHandler
 *fill*         0x0000000008001bce        0x2 
 .text.HAL_Init
                0x0000000008001bd0       0x40 ./Drivers/STM32L4xx_HAL_Driver/Src/stm32l4xx_hal.o
                0x0000000008001bd0                HAL_Init
 .text.HAL_IncTick
                0x0000000008001c10       0x28 ./Drivers/STM32L4xx_HAL_Driver/Src/stm32l4xx_hal.o
                0x0000000008001c10                HAL_IncTick
 .text.HAL_GetTick
                0x0000000008001c38       0x18 ./Drivers/STM32L4xx_HAL_Driver/Src/stm32l4xx_hal.o
                0x0000000008001c38                HAL_GetTick
 .text.__NVIC_SetPriorityGrouping
                0x0000000008001c50       0x48 ./Drivers/STM32L4xx_HAL_Driver/Src/stm32l4xx_hal_cortex.o
 .text.__NVIC_GetPriorityGrouping
                0x0000000008001c98       0x1c ./Drivers/STM32L4xx_HAL_Driver/Src/stm32l4xx_hal_cortex.o
 .text.__NVIC_EnableIRQ
                0x0000000008001cb4       0x3c ./Drivers/STM32L4xx_HAL_Driver/Src/stm32l4xx_hal_cortex.o
 .text.__NVIC_SetPriority
                0x0000000008001cf0       0x54 ./Drivers/STM32L4xx_HAL_Driver/Src/stm32l4xx_hal_cortex.o
 .text.NVIC_EncodePriority
                0x0000000008001d44       0x66 ./Drivers/STM32L4xx_HAL_Driver/Src/stm32l4xx_hal_cortex.o
 .text.HAL_NVIC_SetPriorityGrouping
                0x0000000008001daa       0x16 ./Drivers/STM32L4xx_HAL_Driver/Src/stm32l4xx_hal_cortex.o
                0x0000000008001daa                HAL_NVIC_SetPriorityGrouping
 .text.HAL_NVIC_SetPriority
                0x0000000008001dc0       0x38 ./Drivers/STM32L4xx_HAL_Driver/Src/stm32l4xx_hal_cortex.o
                0x0000000008001dc0                HAL_NVIC_SetPriority
 .text.HAL_NVIC_EnableIRQ
                0x0000000008001df8       0x1c ./Drivers/STM32L4xx_HAL_Driver/Src/stm32l4xx_hal_cortex.o
                0x0000000008001df8                HAL_NVIC_EnableIRQ
 .text.HAL_DMA_Abort
                0x0000000008001e14       0x7c ./Drivers/STM32L4xx_HAL_Driver/Src/stm32l4xx_hal_dma.o
                0x0000000008001e14                HAL_DMA_Abort
 .text.HAL_DMA_Abort_IT
                0x0000000008001e90       0x82 ./Drivers/STM32L4xx_HAL_Driver/Src/stm32l4xx_hal_dma.o
                0x0000000008001e90                HAL_DMA_Abort_IT
 *fill*         0x0000000008001f12        0x2 
 .text.HAL_GPIO_Init
                0x0000000008001f14      0x354 ./Drivers/STM32L4xx_HAL_Driver/Src/stm32l4xx_hal_gpio.o
                0x0000000008001f14                HAL_GPIO_Init
 .text.HAL_GPIO_WritePin
                0x0000000008002268       0x30 ./Drivers/STM32L4xx_HAL_Driver/Src/stm32l4xx_hal_gpio.o
                0x0000000008002268                HAL_GPIO_WritePin
 .text.HAL_GPIO_EXTI_IRQHandler
                0x0000000008002298       0x30 ./Drivers/STM32L4xx_HAL_Driver/Src/stm32l4xx_hal_gpio.o
                0x0000000008002298                HAL_GPIO_EXTI_IRQHandler
 .text.HAL_GPIO_EXTI_Callback
                0x00000000080022c8       0x16 ./Drivers/STM32L4xx_HAL_Driver/Src/stm32l4xx_hal_gpio.o
                0x00000000080022c8                HAL_GPIO_EXTI_Callback
 *fill*         0x00000000080022de        0x2 
 .text.HAL_PWREx_GetVoltageRange
                0x00000000080022e0       0x1c ./Drivers/STM32L4xx_HAL_Driver/Src/stm32l4xx_hal_pwr_ex.o
                0x00000000080022e0                HAL_PWREx_GetVoltageRange
 .text.HAL_PWREx_ControlVoltageScaling
                0x00000000080022fc       0xac ./Drivers/STM32L4xx_HAL_Driver/Src/stm32l4xx_hal_pwr_ex.o
                0x00000000080022fc                HAL_PWREx_ControlVoltageScaling
 .text.HAL_RCC_OscConfig
                0x00000000080023a8      0x7b8 ./Drivers/STM32L4xx_HAL_Driver/Src/stm32l4xx_hal_rcc.o
                0x00000000080023a8                HAL_RCC_OscConfig
 .text.HAL_RCC_ClockConfig
                0x0000000008002b60      0x200 ./Drivers/STM32L4xx_HAL_Driver/Src/stm32l4xx_hal_rcc.o
                0x0000000008002b60                HAL_RCC_ClockConfig
 .text.HAL_RCC_GetSysClockFreq
                0x0000000008002d60      0x118 ./Drivers/STM32L4xx_HAL_Driver/Src/stm32l4xx_hal_rcc.o
                0x0000000008002d60                HAL_RCC_GetSysClockFreq
 .text.HAL_RCC_GetHCLKFreq
                0x0000000008002e78       0x18 ./Drivers/STM32L4xx_HAL_Driver/Src/stm32l4xx_hal_rcc.o
                0x0000000008002e78                HAL_RCC_GetHCLKFreq
 .text.HAL_RCC_GetPCLK1Freq
                0x0000000008002e90       0x2c ./Drivers/STM32L4xx_HAL_Driver/Src/stm32l4xx_hal_rcc.o
                0x0000000008002e90                HAL_RCC_GetPCLK1Freq
 .text.HAL_RCC_GetPCLK2Freq
                0x0000000008002ebc       0x2c ./Drivers/STM32L4xx_HAL_Driver/Src/stm32l4xx_hal_rcc.o
                0x0000000008002ebc                HAL_RCC_GetPCLK2Freq
 .text.HAL_RCC_GetClockConfig
                0x0000000008002ee8       0x64 ./Drivers/STM32L4xx_HAL_Driver/Src/stm32l4xx_hal_rcc.o
                0x0000000008002ee8                HAL_RCC_GetClockConfig
 .text.RCC_SetFlashLatencyFromMSIRange
                0x0000000008002f4c       0xc0 ./Drivers/STM32L4xx_HAL_Driver/Src/stm32l4xx_hal_rcc.o
 .text.HAL_RCCEx_PeriphCLKConfig
                0x000000000800300c      0x5d4 ./Drivers/STM32L4xx_HAL_Driver/Src/stm32l4xx_hal_rcc_ex.o
                0x000000000800300c                HAL_RCCEx_PeriphCLKConfig
 .text.RCCEx_PLLSAI1_Config
                0x00000000080035e0      0x1e8 ./Drivers/STM32L4xx_HAL_Driver/Src/stm32l4xx_hal_rcc_ex.o
 .text.RCCEx_PLLSAI2_Config
                0x00000000080037c8      0x1bc ./Drivers/STM32L4xx_HAL_Driver/Src/stm32l4xx_hal_rcc_ex.o
 .text.HAL_RTC_Init
                0x0000000008003984       0xf6 ./Drivers/STM32L4xx_HAL_Driver/Src/stm32l4xx_hal_rtc.o
                0x0000000008003984                HAL_RTC_Init
 .text.HAL_RTC_SetTime
                0x0000000008003a7a      0x13a ./Drivers/STM32L4xx_HAL_Driver/Src/stm32l4xx_hal_rtc.o
                0x0000000008003a7a                HAL_RTC_SetTime
 .text.HAL_RTC_GetTime
                0x0000000008003bb4       0xb8 ./Drivers/STM32L4xx_HAL_Driver/Src/stm32l4xx_hal_rtc.o
                0x0000000008003bb4                HAL_RTC_GetTime
 .text.HAL_RTC_SetDate
                0x0000000008003c6c      0x10e ./Drivers/STM32L4xx_HAL_Driver/Src/stm32l4xx_hal_rtc.o
                0x0000000008003c6c                HAL_RTC_SetDate
 .text.HAL_RTC_GetDate
                0x0000000008003d7a       0x9a ./Drivers/STM32L4xx_HAL_Driver/Src/stm32l4xx_hal_rtc.o
                0x0000000008003d7a                HAL_RTC_GetDate
 .text.HAL_RTC_WaitForSynchro
                0x0000000008003e14       0x4c ./Drivers/STM32L4xx_HAL_Driver/Src/stm32l4xx_hal_rtc.o
                0x0000000008003e14                HAL_RTC_WaitForSynchro
 .text.RTC_EnterInitMode
                0x0000000008003e60       0x66 ./Drivers/STM32L4xx_HAL_Driver/Src/stm32l4xx_hal_rtc.o
                0x0000000008003e60                RTC_EnterInitMode
 *fill*         0x0000000008003ec6        0x2 
 .text.RTC_ExitInitMode
                0x0000000008003ec8       0x7c ./Drivers/STM32L4xx_HAL_Driver/Src/stm32l4xx_hal_rtc.o
                0x0000000008003ec8                RTC_ExitInitMode
 .text.RTC_ByteToBcd2
                0x0000000008003f44       0x40 ./Drivers/STM32L4xx_HAL_Driver/Src/stm32l4xx_hal_rtc.o
                0x0000000008003f44                RTC_ByteToBcd2
 .text.RTC_Bcd2ToByte
                0x0000000008003f84       0x34 ./Drivers/STM32L4xx_HAL_Driver/Src/stm32l4xx_hal_rtc.o
                0x0000000008003f84                RTC_Bcd2ToByte
 .text.HAL_TIM_Base_Init
                0x0000000008003fb8       0xae ./Drivers/STM32L4xx_HAL_Driver/Src/stm32l4xx_hal_tim.o
                0x0000000008003fb8                HAL_TIM_Base_Init
 .text.HAL_TIM_Base_MspInit
                0x0000000008004066       0x14 ./Drivers/STM32L4xx_HAL_Driver/Src/stm32l4xx_hal_tim.o
                0x0000000008004066                HAL_TIM_Base_MspInit
 *fill*         0x000000000800407a        0x2 
 .text.HAL_TIM_Base_Start_IT
                0x000000000800407c       0xe0 ./Drivers/STM32L4xx_HAL_Driver/Src/stm32l4xx_hal_tim.o
                0x000000000800407c                HAL_TIM_Base_Start_IT
 .text.HAL_TIM_IRQHandler
                0x000000000800415c      0x23e ./Drivers/STM32L4xx_HAL_Driver/Src/stm32l4xx_hal_tim.o
                0x000000000800415c                HAL_TIM_IRQHandler
 .text.HAL_TIM_OC_DelayElapsedCallback
                0x000000000800439a       0x14 ./Drivers/STM32L4xx_HAL_Driver/Src/stm32l4xx_hal_tim.o
                0x000000000800439a                HAL_TIM_OC_DelayElapsedCallback
 .text.HAL_TIM_IC_CaptureCallback
                0x00000000080043ae       0x14 ./Drivers/STM32L4xx_HAL_Driver/Src/stm32l4xx_hal_tim.o
                0x00000000080043ae                HAL_TIM_IC_CaptureCallback
 .text.HAL_TIM_PWM_PulseFinishedCallback
                0x00000000080043c2       0x14 ./Drivers/STM32L4xx_HAL_Driver/Src/stm32l4xx_hal_tim.o
                0x00000000080043c2                HAL_TIM_PWM_PulseFinishedCallback
 .text.HAL_TIM_TriggerCallback
                0x00000000080043d6       0x14 ./Drivers/STM32L4xx_HAL_Driver/Src/stm32l4xx_hal_tim.o
                0x00000000080043d6                HAL_TIM_TriggerCallback
 *fill*         0x00000000080043ea        0x2 
 .text.TIM_Base_SetConfig
                0x00000000080043ec      0x134 ./Drivers/STM32L4xx_HAL_Driver/Src/stm32l4xx_hal_tim.o
                0x00000000080043ec                TIM_Base_SetConfig
 .text.HAL_TIMEx_CommutCallback
                0x0000000008004520       0x14 ./Drivers/STM32L4xx_HAL_Driver/Src/stm32l4xx_hal_tim_ex.o
                0x0000000008004520                HAL_TIMEx_CommutCallback
 .text.HAL_TIMEx_BreakCallback
                0x0000000008004534       0x14 ./Drivers/STM32L4xx_HAL_Driver/Src/stm32l4xx_hal_tim_ex.o
                0x0000000008004534                HAL_TIMEx_BreakCallback
 .text.HAL_TIMEx_Break2Callback
                0x0000000008004548       0x14 ./Drivers/STM32L4xx_HAL_Driver/Src/stm32l4xx_hal_tim_ex.o
                0x0000000008004548                HAL_TIMEx_Break2Callback
 .text.HAL_UART_Init
                0x000000000800455c       0x9c ./Drivers/STM32L4xx_HAL_Driver/Src/stm32l4xx_hal_uart.o
                0x000000000800455c                HAL_UART_Init
 .text.HAL_UART_Transmit
                0x00000000080045f8      0x128 ./Drivers/STM32L4xx_HAL_Driver/Src/stm32l4xx_hal_uart.o
                0x00000000080045f8                HAL_UART_Transmit
 .text.HAL_UART_Receive_IT
                0x0000000008004720       0xac ./Drivers/STM32L4xx_HAL_Driver/Src/stm32l4xx_hal_uart.o
                0x0000000008004720                HAL_UART_Receive_IT
 .text.HAL_UART_IRQHandler
                0x00000000080047cc      0x5c4 ./Drivers/STM32L4xx_HAL_Driver/Src/stm32l4xx_hal_uart.o
                0x00000000080047cc                HAL_UART_IRQHandler
 .text.HAL_UART_TxCpltCallback
                0x0000000008004d90       0x14 ./Drivers/STM32L4xx_HAL_Driver/Src/stm32l4xx_hal_uart.o
                0x0000000008004d90                HAL_UART_TxCpltCallback
 .text.HAL_UART_ErrorCallback
                0x0000000008004da4       0x14 ./Drivers/STM32L4xx_HAL_Driver/Src/stm32l4xx_hal_uart.o
                0x0000000008004da4                HAL_UART_ErrorCallback
 .text.HAL_UARTEx_RxEventCallback
                0x0000000008004db8       0x18 ./Drivers/STM32L4xx_HAL_Driver/Src/stm32l4xx_hal_uart.o
                0x0000000008004db8                HAL_UARTEx_RxEventCallback
 .text.UART_SetConfig
                0x0000000008004dd0      0x570 ./Drivers/STM32L4xx_HAL_Driver/Src/stm32l4xx_hal_uart.o
                0x0000000008004dd0                UART_SetConfig
 .text.UART_AdvFeatureConfig
                0x0000000008005340      0x144 ./Drivers/STM32L4xx_HAL_Driver/Src/stm32l4xx_hal_uart.o
                0x0000000008005340                UART_AdvFeatureConfig
 .text.UART_CheckIdleState
                0x0000000008005484       0x92 ./Drivers/STM32L4xx_HAL_Driver/Src/stm32l4xx_hal_uart.o
                0x0000000008005484                UART_CheckIdleState
 .text.UART_WaitOnFlagUntilTimeout
                0x0000000008005516      0x188 ./Drivers/STM32L4xx_HAL_Driver/Src/stm32l4xx_hal_uart.o
                0x0000000008005516                UART_WaitOnFlagUntilTimeout
 *fill*         0x000000000800569e        0x2 
 .text.UART_Start_Receive_IT
                0x00000000080056a0      0x194 ./Drivers/STM32L4xx_HAL_Driver/Src/stm32l4xx_hal_uart.o
                0x00000000080056a0                UART_Start_Receive_IT
 .text.UART_EndRxTransfer
                0x0000000008005834       0xc6 ./Drivers/STM32L4xx_HAL_Driver/Src/stm32l4xx_hal_uart.o
 .text.UART_DMAAbortOnError
                0x00000000080058fa       0x2c ./Drivers/STM32L4xx_HAL_Driver/Src/stm32l4xx_hal_uart.o
 .text.UART_EndTransmit_IT
                0x0000000008005926       0x54 ./Drivers/STM32L4xx_HAL_Driver/Src/stm32l4xx_hal_uart.o
 .text.UART_RxISR_8BIT
                0x000000000800597a      0x160 ./Drivers/STM32L4xx_HAL_Driver/Src/stm32l4xx_hal_uart.o
 .text.UART_RxISR_16BIT
                0x0000000008005ada      0x160 ./Drivers/STM32L4xx_HAL_Driver/Src/stm32l4xx_hal_uart.o
 .text.HAL_UARTEx_WakeupCallback
                0x0000000008005c3a       0x14 ./Drivers/STM32L4xx_HAL_Driver/Src/stm32l4xx_hal_uart_ex.o
                0x0000000008005c3a                HAL_UARTEx_WakeupCallback
 .text.vListInitialise
                0x0000000008005c4e       0x40 ./common/ThirdParty/FreeRTOS/list.o
                0x0000000008005c4e                vListInitialise
 .text.vListInitialiseItem
                0x0000000008005c8e       0x1a ./common/ThirdParty/FreeRTOS/list.o
                0x0000000008005c8e                vListInitialiseItem
 .text.vListInsertEnd
                0x0000000008005ca8       0x48 ./common/ThirdParty/FreeRTOS/list.o
                0x0000000008005ca8                vListInsertEnd
 .text.vListInsert
                0x0000000008005cf0       0x72 ./common/ThirdParty/FreeRTOS/list.o
                0x0000000008005cf0                vListInsert
 .text.uxListRemove
                0x0000000008005d62       0x54 ./common/ThirdParty/FreeRTOS/list.o
                0x0000000008005d62                uxListRemove
 *fill*         0x0000000008005db6        0x2 
 .text.xQueueGenericReset
                0x0000000008005db8       0xd0 ./common/ThirdParty/FreeRTOS/queue.o
                0x0000000008005db8                xQueueGenericReset
 .text.xQueueGenericCreate
                0x0000000008005e88       0xbe ./common/ThirdParty/FreeRTOS/queue.o
                0x0000000008005e88                xQueueGenericCreate
 .text.prvInitialiseNewQueue
                0x0000000008005f46       0x46 ./common/ThirdParty/FreeRTOS/queue.o
 .text.xQueueGenericSend
                0x0000000008005f8c      0x1fc ./common/ThirdParty/FreeRTOS/queue.o
                0x0000000008005f8c                xQueueGenericSend
 .text.xQueueGenericSendFromISR
                0x0000000008006188      0x154 ./common/ThirdParty/FreeRTOS/queue.o
                0x0000000008006188                xQueueGenericSendFromISR
 .text.xQueueReceive
                0x00000000080062dc      0x1c0 ./common/ThirdParty/FreeRTOS/queue.o
                0x00000000080062dc                xQueueReceive
 .text.xQueueReceiveFromISR
                0x000000000800649c      0x11e ./common/ThirdParty/FreeRTOS/queue.o
                0x000000000800649c                xQueueReceiveFromISR
 .text.uxQueueMessagesWaiting
                0x00000000080065ba       0x3c ./common/ThirdParty/FreeRTOS/queue.o
                0x00000000080065ba                uxQueueMessagesWaiting
 .text.prvCopyDataToQueue
                0x00000000080065f6       0xd4 ./common/ThirdParty/FreeRTOS/queue.o
 .text.prvCopyDataFromQueue
                0x00000000080066ca       0x4c ./common/ThirdParty/FreeRTOS/queue.o
 .text.prvUnlockQueue
                0x0000000008006716       0xa4 ./common/ThirdParty/FreeRTOS/queue.o
 .text.prvIsQueueEmpty
                0x00000000080067ba       0x2c ./common/ThirdParty/FreeRTOS/queue.o
 .text.prvIsQueueFull
                0x00000000080067e6       0x30 ./common/ThirdParty/FreeRTOS/queue.o
 .text.xQueueIsQueueFullFromISR
                0x0000000008006816       0x4c ./common/ThirdParty/FreeRTOS/queue.o
                0x0000000008006816                xQueueIsQueueFullFromISR
 *fill*         0x0000000008006862        0x2 
 .text.vQueueAddToRegistry
                0x0000000008006864       0x54 ./common/ThirdParty/FreeRTOS/queue.o
                0x0000000008006864                vQueueAddToRegistry
 .text.vQueueWaitForMessageRestricted
                0x00000000080068b8       0x68 ./common/ThirdParty/FreeRTOS/queue.o
                0x00000000080068b8                vQueueWaitForMessageRestricted
 .text.xTaskCreate
                0x0000000008006920       0x82 ./common/ThirdParty/FreeRTOS/tasks.o
                0x0000000008006920                xTaskCreate
 .text.prvInitialiseNewTask
                0x00000000080069a2      0x12c ./common/ThirdParty/FreeRTOS/tasks.o
 *fill*         0x0000000008006ace        0x2 
 .text.prvAddNewTaskToReadyList
                0x0000000008006ad0       0xdc ./common/ThirdParty/FreeRTOS/tasks.o
 .text.vTaskStartScheduler
                0x0000000008006bac       0xa4 ./common/ThirdParty/FreeRTOS/tasks.o
                0x0000000008006bac                vTaskStartScheduler
 .text.vTaskSuspendAll
                0x0000000008006c50       0x1c ./common/ThirdParty/FreeRTOS/tasks.o
                0x0000000008006c50                vTaskSuspendAll
 .text.xTaskResumeAll
                0x0000000008006c6c      0x138 ./common/ThirdParty/FreeRTOS/tasks.o
                0x0000000008006c6c                xTaskResumeAll
 .text.xTaskGetTickCount
                0x0000000008006da4       0x20 ./common/ThirdParty/FreeRTOS/tasks.o
                0x0000000008006da4                xTaskGetTickCount
 .text.xTaskIncrementTick
                0x0000000008006dc4      0x170 ./common/ThirdParty/FreeRTOS/tasks.o
                0x0000000008006dc4                xTaskIncrementTick
 .text.vTaskSwitchContext
                0x0000000008006f34       0xb8 ./common/ThirdParty/FreeRTOS/tasks.o
                0x0000000008006f34                vTaskSwitchContext
 .text.vTaskPlaceOnEventList
                0x0000000008006fec       0x48 ./common/ThirdParty/FreeRTOS/tasks.o
                0x0000000008006fec                vTaskPlaceOnEventList
 .text.vTaskPlaceOnEventListRestricted
                0x0000000008007034       0x58 ./common/ThirdParty/FreeRTOS/tasks.o
                0x0000000008007034                vTaskPlaceOnEventListRestricted
 .text.xTaskRemoveFromEventList
                0x000000000800708c       0xc4 ./common/ThirdParty/FreeRTOS/tasks.o
                0x000000000800708c                xTaskRemoveFromEventList
 .text.vTaskInternalSetTimeOutState
                0x0000000008007150       0x2c ./common/ThirdParty/FreeRTOS/tasks.o
                0x0000000008007150                vTaskInternalSetTimeOutState
 .text.xTaskCheckForTimeOut
                0x000000000800717c       0xcc ./common/ThirdParty/FreeRTOS/tasks.o
                0x000000000800717c                xTaskCheckForTimeOut
 .text.vTaskMissedYield
                0x0000000008007248       0x18 ./common/ThirdParty/FreeRTOS/tasks.o
                0x0000000008007248                vTaskMissedYield
 .text.prvIdleTask
                0x0000000008007260       0x30 ./common/ThirdParty/FreeRTOS/tasks.o
 .text.prvInitialiseTaskLists
                0x0000000008007290       0x80 ./common/ThirdParty/FreeRTOS/tasks.o
 .text.prvCheckTasksWaitingTermination
                0x0000000008007310       0x5c ./common/ThirdParty/FreeRTOS/tasks.o
 .text.prvDeleteTCB
                0x000000000800736c       0x20 ./common/ThirdParty/FreeRTOS/tasks.o
 .text.prvResetNextTaskUnblockTime
                0x000000000800738c       0x38 ./common/ThirdParty/FreeRTOS/tasks.o
 .text.xTaskGetSchedulerState
                0x00000000080073c4       0x3c ./common/ThirdParty/FreeRTOS/tasks.o
                0x00000000080073c4                xTaskGetSchedulerState
 .text.xTaskPriorityDisinherit
                0x0000000008007400       0xf4 ./common/ThirdParty/FreeRTOS/tasks.o
                0x0000000008007400                xTaskPriorityDisinherit
 .text.xTaskGenericNotifyWait
                0x00000000080074f4      0x100 ./common/ThirdParty/FreeRTOS/tasks.o
                0x00000000080074f4                xTaskGenericNotifyWait
 .text.xTaskGenericNotify
                0x00000000080075f4      0x1c0 ./common/ThirdParty/FreeRTOS/tasks.o
                0x00000000080075f4                xTaskGenericNotify
 .text.xTaskGenericNotifyFromISR
                0x00000000080077b4      0x204 ./common/ThirdParty/FreeRTOS/tasks.o
                0x00000000080077b4                xTaskGenericNotifyFromISR
 .text.prvAddCurrentTaskToDelayedList
                0x00000000080079b8       0xcc ./common/ThirdParty/FreeRTOS/tasks.o
 .text.xTimerCreateTimerTask
                0x0000000008007a84       0x64 ./common/ThirdParty/FreeRTOS/timers.o
                0x0000000008007a84                xTimerCreateTimerTask
 .text.xTimerCreate
                0x0000000008007ae8       0x42 ./common/ThirdParty/FreeRTOS/timers.o
                0x0000000008007ae8                xTimerCreate
 .text.prvInitialiseNewTimer
                0x0000000008007b2a       0x76 ./common/ThirdParty/FreeRTOS/timers.o
 .text.xTimerGenericCommand
                0x0000000008007ba0       0x9c ./common/ThirdParty/FreeRTOS/timers.o
                0x0000000008007ba0                xTimerGenericCommand
 .text.prvProcessExpiredTimer
                0x0000000008007c3c       0x98 ./common/ThirdParty/FreeRTOS/timers.o
 .text.prvTimerTask
                0x0000000008007cd4       0x24 ./common/ThirdParty/FreeRTOS/timers.o
 .text.prvProcessTimerOrBlockTask
                0x0000000008007cf8       0x9c ./common/ThirdParty/FreeRTOS/timers.o
 .text.prvGetNextExpireTime
                0x0000000008007d94       0x48 ./common/ThirdParty/FreeRTOS/timers.o
 .text.prvSampleTimeNow
                0x0000000008007ddc       0x40 ./common/ThirdParty/FreeRTOS/timers.o
 .text.prvInsertTimerInActiveList
                0x0000000008007e1c       0x84 ./common/ThirdParty/FreeRTOS/timers.o
 .text.prvProcessReceivedCommands
                0x0000000008007ea0      0x18c ./common/ThirdParty/FreeRTOS/timers.o
 .text.prvSwitchTimerLists
                0x000000000800802c       0xc8 ./common/ThirdParty/FreeRTOS/timers.o
 .text.prvCheckForValidListAndQueue
                0x00000000080080f4       0x6c ./common/ThirdParty/FreeRTOS/timers.o
 .text.pvTimerGetTimerID
                0x0000000008008160       0x40 ./common/ThirdParty/FreeRTOS/timers.o
                0x0000000008008160                pvTimerGetTimerID
 .text.pxPortInitialiseStack
                0x00000000080081a0       0x68 ./common/ThirdParty/FreeRTOS/portable/GCC/ARM_CM4F/port.o
                0x00000000080081a0                pxPortInitialiseStack
 .text.prvTaskExitError
                0x0000000008008208       0x58 ./common/ThirdParty/FreeRTOS/portable/GCC/ARM_CM4F/port.o
 .text.SVC_Handler
                0x0000000008008260       0x28 ./common/ThirdParty/FreeRTOS/portable/GCC/ARM_CM4F/port.o
                0x0000000008008260                SVC_Handler
 .text.prvPortStartFirstTask
                0x0000000008008288       0x2c ./common/ThirdParty/FreeRTOS/portable/GCC/ARM_CM4F/port.o
 .text.xPortStartScheduler
                0x00000000080082b4      0x144 ./common/ThirdParty/FreeRTOS/portable/GCC/ARM_CM4F/port.o
                0x00000000080082b4                xPortStartScheduler
 .text.vPortEnterCritical
                0x00000000080083f8       0x60 ./common/ThirdParty/FreeRTOS/portable/GCC/ARM_CM4F/port.o
                0x00000000080083f8                vPortEnterCritical
 .text.vPortExitCritical
                0x0000000008008458       0x54 ./common/ThirdParty/FreeRTOS/portable/GCC/ARM_CM4F/port.o
                0x0000000008008458                vPortExitCritical
 *fill*         0x00000000080084ac        0x4 
 .text.PendSV_Handler
                0x00000000080084b0       0x68 ./common/ThirdParty/FreeRTOS/portable/GCC/ARM_CM4F/port.o
                0x00000000080084b0                PendSV_Handler
 .text.SysTick_Handler
                0x0000000008008518       0x44 ./common/ThirdParty/FreeRTOS/portable/GCC/ARM_CM4F/port.o
                0x0000000008008518                SysTick_Handler
 .text.vPortSetupTimerInterrupt
                0x000000000800855c       0x48 ./common/ThirdParty/FreeRTOS/portable/GCC/ARM_CM4F/port.o
                0x000000000800855c                vPortSetupTimerInterrupt
 .text.vPortEnableVFP
                0x00000000080085a4       0x18 ./common/ThirdParty/FreeRTOS/portable/GCC/ARM_CM4F/port.o
 .text.vPortValidateInterruptPriority
                0x00000000080085bc       0x80 ./common/ThirdParty/FreeRTOS/portable/GCC/ARM_CM4F/port.o
                0x00000000080085bc                vPortValidateInterruptPriority
 .text.pvPortMalloc
                0x000000000800863c      0x1c0 ./common/ThirdParty/FreeRTOS/portable/MemMang/heap_4.o
                0x000000000800863c                pvPortMalloc
 .text.vPortFree
                0x00000000080087fc       0xc4 ./common/ThirdParty/FreeRTOS/portable/MemMang/heap_4.o
                0x00000000080087fc                vPortFree
 .text.prvHeapInit
                0x00000000080088c0       0xc4 ./common/ThirdParty/FreeRTOS/portable/MemMang/heap_4.o
 .text.prvInsertBlockIntoFreeList
                0x0000000008008984       0xb4 ./common/ThirdParty/FreeRTOS/portable/MemMang/heap_4.o
 .text.__errno  0x0000000008008a38        0xc c:/st/stm32cubeide_1.4.0/stm32cubeide/plugins/com.st.stm32cube.ide.mcu.externaltools.gnu-tools-for-stm32.10.3-2021.10.win32_1.0.200.202301161003/tools/bin/../lib/gcc/arm-none-eabi/10.3.1/../../../../arm-none-eabi/lib/thumb/v7e-m+fp/hard\libc_nano.a(lib_a-errno.o)
                0x0000000008008a38                __errno
 .text.__libc_init_array
                0x0000000008008a44       0x48 c:/st/stm32cubeide_1.4.0/stm32cubeide/plugins/com.st.stm32cube.ide.mcu.externaltools.gnu-tools-for-stm32.10.3-2021.10.win32_1.0.200.202301161003/tools/bin/../lib/gcc/arm-none-eabi/10.3.1/../../../../arm-none-eabi/lib/thumb/v7e-m+fp/hard\libc_nano.a(lib_a-init.o)
                0x0000000008008a44                __libc_init_array
 .text.memcpy   0x0000000008008a8c       0x1c c:/st/stm32cubeide_1.4.0/stm32cubeide/plugins/com.st.stm32cube.ide.mcu.externaltools.gnu-tools-for-stm32.10.3-2021.10.win32_1.0.200.202301161003/tools/bin/../lib/gcc/arm-none-eabi/10.3.1/../../../../arm-none-eabi/lib/thumb/v7e-m+fp/hard\libc_nano.a(lib_a-memcpy-stub.o)
                0x0000000008008a8c                memcpy
 .text.memset   0x0000000008008aa8       0x10 c:/st/stm32cubeide_1.4.0/stm32cubeide/plugins/com.st.stm32cube.ide.mcu.externaltools.gnu-tools-for-stm32.10.3-2021.10.win32_1.0.200.202301161003/tools/bin/../lib/gcc/arm-none-eabi/10.3.1/../../../../arm-none-eabi/lib/thumb/v7e-m+fp/hard\libc_nano.a(lib_a-memset.o)
                0x0000000008008aa8                memset
 .text.sprintf  0x0000000008008ab8       0x40 c:/st/stm32cubeide_1.4.0/stm32cubeide/plugins/com.st.stm32cube.ide.mcu.externaltools.gnu-tools-for-stm32.10.3-2021.10.win32_1.0.200.202301161003/tools/bin/../lib/gcc/arm-none-eabi/10.3.1/../../../../arm-none-eabi/lib/thumb/v7e-m+fp/hard\libc_nano.a(lib_a-sprintf.o)
                0x0000000008008ab8                siprintf
                0x0000000008008ab8                sprintf
 .text.__ssputs_r
                0x0000000008008af8       0xb6 c:/st/stm32cubeide_1.4.0/stm32cubeide/plugins/com.st.stm32cube.ide.mcu.externaltools.gnu-tools-for-stm32.10.3-2021.10.win32_1.0.200.202301161003/tools/bin/../lib/gcc/arm-none-eabi/10.3.1/../../../../arm-none-eabi/lib/thumb/v7e-m+fp/hard\libc_nano.a(lib_a-nano-svfprintf.o)
                0x0000000008008af8                __ssputs_r
 *fill*         0x0000000008008bae        0x2 
 .text._svfprintf_r
                0x0000000008008bb0      0x200 c:/st/stm32cubeide_1.4.0/stm32cubeide/plugins/com.st.stm32cube.ide.mcu.externaltools.gnu-tools-for-stm32.10.3-2021.10.win32_1.0.200.202301161003/tools/bin/../lib/gcc/arm-none-eabi/10.3.1/../../../../arm-none-eabi/lib/thumb/v7e-m+fp/hard\libc_nano.a(lib_a-nano-svfprintf.o)
                0x0000000008008bb0                _svfiprintf_r
                0x0000000008008bb0                _svfprintf_r
 .text._printf_common
                0x0000000008008db0       0xda c:/st/stm32cubeide_1.4.0/stm32cubeide/plugins/com.st.stm32cube.ide.mcu.externaltools.gnu-tools-for-stm32.10.3-2021.10.win32_1.0.200.202301161003/tools/bin/../lib/gcc/arm-none-eabi/10.3.1/../../../../arm-none-eabi/lib/thumb/v7e-m+fp/hard\libc_nano.a(lib_a-nano-vfprintf_i.o)
                0x0000000008008db0                _printf_common
 *fill*         0x0000000008008e8a        0x2 
 .text._printf_i
                0x0000000008008e8c      0x24c c:/st/stm32cubeide_1.4.0/stm32cubeide/plugins/com.st.stm32cube.ide.mcu.externaltools.gnu-tools-for-stm32.10.3-2021.10.win32_1.0.200.202301161003/tools/bin/../lib/gcc/arm-none-eabi/10.3.1/../../../../arm-none-eabi/lib/thumb/v7e-m+fp/hard\libc_nano.a(lib_a-nano-vfprintf_i.o)
                0x0000000008008e8c                _printf_i
 .text.memmove  0x00000000080090d8       0x34 c:/st/stm32cubeide_1.4.0/stm32cubeide/plugins/com.st.stm32cube.ide.mcu.externaltools.gnu-tools-for-stm32.10.3-2021.10.win32_1.0.200.202301161003/tools/bin/../lib/gcc/arm-none-eabi/10.3.1/../../../../arm-none-eabi/lib/thumb/v7e-m+fp/hard\libc_nano.a(lib_a-memmove.o)
                0x00000000080090d8                memmove
 .text._free_r  0x000000000800910c       0x98 c:/st/stm32cubeide_1.4.0/stm32cubeide/plugins/com.st.stm32cube.ide.mcu.externaltools.gnu-tools-for-stm32.10.3-2021.10.win32_1.0.200.202301161003/tools/bin/../lib/gcc/arm-none-eabi/10.3.1/../../../../arm-none-eabi/lib/thumb/v7e-m+fp/hard\libc_nano.a(lib_a-nano-freer.o)
                0x000000000800910c                _free_r
 .text.sbrk_aligned
                0x00000000080091a4       0x40 c:/st/stm32cubeide_1.4.0/stm32cubeide/plugins/com.st.stm32cube.ide.mcu.externaltools.gnu-tools-for-stm32.10.3-2021.10.win32_1.0.200.202301161003/tools/bin/../lib/gcc/arm-none-eabi/10.3.1/../../../../arm-none-eabi/lib/thumb/v7e-m+fp/hard\libc_nano.a(lib_a-nano-mallocr.o)
 .text._malloc_r
                0x00000000080091e4       0xe8 c:/st/stm32cubeide_1.4.0/stm32cubeide/plugins/com.st.stm32cube.ide.mcu.externaltools.gnu-tools-for-stm32.10.3-2021.10.win32_1.0.200.202301161003/tools/bin/../lib/gcc/arm-none-eabi/10.3.1/../../../../arm-none-eabi/lib/thumb/v7e-m+fp/hard\libc_nano.a(lib_a-nano-mallocr.o)
                0x00000000080091e4                _malloc_r
 .text._realloc_r
                0x00000000080092cc       0x5e c:/st/stm32cubeide_1.4.0/stm32cubeide/plugins/com.st.stm32cube.ide.mcu.externaltools.gnu-tools-for-stm32.10.3-2021.10.win32_1.0.200.202301161003/tools/bin/../lib/gcc/arm-none-eabi/10.3.1/../../../../arm-none-eabi/lib/thumb/v7e-m+fp/hard\libc_nano.a(lib_a-nano-reallocr.o)
                0x00000000080092cc                _realloc_r
 *fill*         0x000000000800932a        0x2 
 .text._sbrk_r  0x000000000800932c       0x20 c:/st/stm32cubeide_1.4.0/stm32cubeide/plugins/com.st.stm32cube.ide.mcu.externaltools.gnu-tools-for-stm32.10.3-2021.10.win32_1.0.200.202301161003/tools/bin/../lib/gcc/arm-none-eabi/10.3.1/../../../../arm-none-eabi/lib/thumb/v7e-m+fp/hard\libc_nano.a(lib_a-sbrkr.o)
                0x000000000800932c                _sbrk_r
 .text.__malloc_lock
                0x000000000800934c        0xc c:/st/stm32cubeide_1.4.0/stm32cubeide/plugins/com.st.stm32cube.ide.mcu.externaltools.gnu-tools-for-stm32.10.3-2021.10.win32_1.0.200.202301161003/tools/bin/../lib/gcc/arm-none-eabi/10.3.1/../../../../arm-none-eabi/lib/thumb/v7e-m+fp/hard\libc_nano.a(lib_a-mlock.o)
                0x000000000800934c                __malloc_lock
 .text.__malloc_unlock
                0x0000000008009358        0xc c:/st/stm32cubeide_1.4.0/stm32cubeide/plugins/com.st.stm32cube.ide.mcu.externaltools.gnu-tools-for-stm32.10.3-2021.10.win32_1.0.200.202301161003/tools/bin/../lib/gcc/arm-none-eabi/10.3.1/../../../../arm-none-eabi/lib/thumb/v7e-m+fp/hard\libc_nano.a(lib_a-mlock.o)
                0x0000000008009358                __malloc_unlock
 .text._malloc_usable_size_r
                0x0000000008009364       0x10 c:/st/stm32cubeide_1.4.0/stm32cubeide/plugins/com.st.stm32cube.ide.mcu.externaltools.gnu-tools-for-stm32.10.3-2021.10.win32_1.0.200.202301161003/tools/bin/../lib/gcc/arm-none-eabi/10.3.1/../../../../arm-none-eabi/lib/thumb/v7e-m+fp/hard\libc_nano.a(lib_a-nano-msizer.o)
                0x0000000008009364                _malloc_usable_size_r
 .text.__retarget_lock_acquire_recursive
                0x0000000008009374        0x2 c:/st/stm32cubeide_1.4.0/stm32cubeide/plugins/com.st.stm32cube.ide.mcu.externaltools.gnu-tools-for-stm32.10.3-2021.10.win32_1.0.200.202301161003/tools/bin/../lib/gcc/arm-none-eabi/10.3.1/../../../../arm-none-eabi/lib/thumb/v7e-m+fp/hard\libc_nano.a(lib_a-lock.o)
                0x0000000008009374                __retarget_lock_acquire_recursive
 .text.__retarget_lock_release_recursive
                0x0000000008009376        0x2 c:/st/stm32cubeide_1.4.0/stm32cubeide/plugins/com.st.stm32cube.ide.mcu.externaltools.gnu-tools-for-stm32.10.3-2021.10.win32_1.0.200.202301161003/tools/bin/../lib/gcc/arm-none-eabi/10.3.1/../../../../arm-none-eabi/lib/thumb/v7e-m+fp/hard\libc_nano.a(lib_a-lock.o)
                0x0000000008009376                __retarget_lock_release_recursive
 *(.glue_7)
 .glue_7        0x0000000008009378        0x0 linker stubs
 *(.glue_7t)
 .glue_7t       0x0000000008009378        0x0 linker stubs
 *(.eh_frame)
 .eh_frame      0x0000000008009378        0x0 c:/st/stm32cubeide_1.4.0/stm32cubeide/plugins/com.st.stm32cube.ide.mcu.externaltools.gnu-tools-for-stm32.10.3-2021.10.win32_1.0.200.202301161003/tools/bin/../lib/gcc/arm-none-eabi/10.3.1/thumb/v7e-m+fp/hard/crtbegin.o
 *(.init)
 .init          0x0000000008009378        0x4 c:/st/stm32cubeide_1.4.0/stm32cubeide/plugins/com.st.stm32cube.ide.mcu.externaltools.gnu-tools-for-stm32.10.3-2021.10.win32_1.0.200.202301161003/tools/bin/../lib/gcc/arm-none-eabi/10.3.1/thumb/v7e-m+fp/hard/crti.o
                0x0000000008009378                _init
 .init          0x000000000800937c        0x8 c:/st/stm32cubeide_1.4.0/stm32cubeide/plugins/com.st.stm32cube.ide.mcu.externaltools.gnu-tools-for-stm32.10.3-2021.10.win32_1.0.200.202301161003/tools/bin/../lib/gcc/arm-none-eabi/10.3.1/thumb/v7e-m+fp/hard/crtn.o
 *(.fini)
 .fini          0x0000000008009384        0x4 c:/st/stm32cubeide_1.4.0/stm32cubeide/plugins/com.st.stm32cube.ide.mcu.externaltools.gnu-tools-for-stm32.10.3-2021.10.win32_1.0.200.202301161003/tools/bin/../lib/gcc/arm-none-eabi/10.3.1/thumb/v7e-m+fp/hard/crti.o
                0x0000000008009384                _fini
 .fini          0x0000000008009388        0x8 c:/st/stm32cubeide_1.4.0/stm32cubeide/plugins/com.st.stm32cube.ide.mcu.externaltools.gnu-tools-for-stm32.10.3-2021.10.win32_1.0.200.202301161003/tools/bin/../lib/gcc/arm-none-eabi/10.3.1/thumb/v7e-m+fp/hard/crtn.o
                0x0000000008009390                . = ALIGN (0x4)
                0x0000000008009390                _etext = .

.vfp11_veneer   0x0000000008009390        0x0
 .vfp11_veneer  0x0000000008009390        0x0 linker stubs

.v4_bx          0x0000000008009390        0x0
 .v4_bx         0x0000000008009390        0x0 linker stubs

.iplt           0x0000000008009390        0x0
 .iplt          0x0000000008009390        0x0 c:/st/stm32cubeide_1.4.0/stm32cubeide/plugins/com.st.stm32cube.ide.mcu.externaltools.gnu-tools-for-stm32.10.3-2021.10.win32_1.0.200.202301161003/tools/bin/../lib/gcc/arm-none-eabi/10.3.1/thumb/v7e-m+fp/hard/crtbegin.o

.rodata         0x0000000008009390      0x428
                0x0000000008009390                . = ALIGN (0x4)
 *(.rodata)
 .rodata        0x0000000008009390      0x2fb ./Core/Src/Task_handler.o
 *fill*         0x000000000800968b        0x1 
 .rodata        0x000000000800968c       0x52 ./Core/Src/main.o
 *fill*         0x00000000080096de        0x2 
 .rodata        0x00000000080096e0       0x44 ./Core/Src/rtc.o
 .rodata        0x0000000008009724        0x5 ./common/ThirdParty/FreeRTOS/tasks.o
 *fill*         0x0000000008009729        0x3 
 .rodata        0x000000000800972c        0xd ./common/ThirdParty/FreeRTOS/timers.o
 *(.rodata*)
 *fill*         0x0000000008009739        0x3 
 .rodata.AHBPrescTable
                0x000000000800973c       0x10 ./Core/Src/system_stm32l4xx.o
                0x000000000800973c                AHBPrescTable
 .rodata.APBPrescTable
                0x000000000800974c        0x8 ./Core/Src/system_stm32l4xx.o
                0x000000000800974c                APBPrescTable
 .rodata.MSIRangeTable
                0x0000000008009754       0x30 ./Core/Src/system_stm32l4xx.o
                0x0000000008009754                MSIRangeTable
 .rodata._svfprintf_r.str1.1
                0x0000000008009784       0x11 c:/st/stm32cubeide_1.4.0/stm32cubeide/plugins/com.st.stm32cube.ide.mcu.externaltools.gnu-tools-for-stm32.10.3-2021.10.win32_1.0.200.202301161003/tools/bin/../lib/gcc/arm-none-eabi/10.3.1/../../../../arm-none-eabi/lib/thumb/v7e-m+fp/hard\libc_nano.a(lib_a-nano-svfprintf.o)
 .rodata._printf_i.str1.1
                0x0000000008009795       0x22 c:/st/stm32cubeide_1.4.0/stm32cubeide/plugins/com.st.stm32cube.ide.mcu.externaltools.gnu-tools-for-stm32.10.3-2021.10.win32_1.0.200.202301161003/tools/bin/../lib/gcc/arm-none-eabi/10.3.1/../../../../arm-none-eabi/lib/thumb/v7e-m+fp/hard\libc_nano.a(lib_a-nano-vfprintf_i.o)
                0x00000000080097b8                . = ALIGN (0x4)
 *fill*         0x00000000080097b7        0x1 

.ARM.extab      0x00000000080097b8        0x0
                0x00000000080097b8                . = ALIGN (0x4)
 *(.ARM.extab* .gnu.linkonce.armextab.*)
                0x00000000080097b8                . = ALIGN (0x4)

.ARM            0x00000000080097b8        0x8
                0x00000000080097b8                . = ALIGN (0x4)
                0x00000000080097b8                __exidx_start = .
 *(.ARM.exidx*)
 .ARM.exidx     0x00000000080097b8        0x8 c:/st/stm32cubeide_1.4.0/stm32cubeide/plugins/com.st.stm32cube.ide.mcu.externaltools.gnu-tools-for-stm32.10.3-2021.10.win32_1.0.200.202301161003/tools/bin/../lib/gcc/arm-none-eabi/10.3.1/thumb/v7e-m+fp/hard\libgcc.a(_udivmoddi4.o)
                0x00000000080097c0                __exidx_end = .
                0x00000000080097c0                . = ALIGN (0x4)

.rel.dyn        0x00000000080097c0        0x0
 .rel.iplt      0x00000000080097c0        0x0 c:/st/stm32cubeide_1.4.0/stm32cubeide/plugins/com.st.stm32cube.ide.mcu.externaltools.gnu-tools-for-stm32.10.3-2021.10.win32_1.0.200.202301161003/tools/bin/../lib/gcc/arm-none-eabi/10.3.1/thumb/v7e-m+fp/hard/crtbegin.o

.preinit_array  0x00000000080097c0        0x0
                0x00000000080097c0                . = ALIGN (0x4)
                0x00000000080097c0                PROVIDE (__preinit_array_start = .)
 *(.preinit_array*)
                0x00000000080097c0                PROVIDE (__preinit_array_end = .)
                0x00000000080097c0                . = ALIGN (0x4)

.init_array     0x00000000080097c0        0x4
                0x00000000080097c0                . = ALIGN (0x4)
                0x00000000080097c0                PROVIDE (__init_array_start = .)
 *(SORT_BY_NAME(.init_array.*))
 *(.init_array*)
 .init_array    0x00000000080097c0        0x4 c:/st/stm32cubeide_1.4.0/stm32cubeide/plugins/com.st.stm32cube.ide.mcu.externaltools.gnu-tools-for-stm32.10.3-2021.10.win32_1.0.200.202301161003/tools/bin/../lib/gcc/arm-none-eabi/10.3.1/thumb/v7e-m+fp/hard/crtbegin.o
                0x00000000080097c4                PROVIDE (__init_array_end = .)
                0x00000000080097c4                . = ALIGN (0x4)

.fini_array     0x00000000080097c4        0x4
                0x00000000080097c4                . = ALIGN (0x4)
                [!provide]                        PROVIDE (__fini_array_start = .)
 *(SORT_BY_NAME(.fini_array.*))
 *(.fini_array*)
 .fini_array    0x00000000080097c4        0x4 c:/st/stm32cubeide_1.4.0/stm32cubeide/plugins/com.st.stm32cube.ide.mcu.externaltools.gnu-tools-for-stm32.10.3-2021.10.win32_1.0.200.202301161003/tools/bin/../lib/gcc/arm-none-eabi/10.3.1/thumb/v7e-m+fp/hard/crtbegin.o
                [!provide]                        PROVIDE (__fini_array_end = .)
                0x00000000080097c8                . = ALIGN (0x4)
                0x00000000080097c8                _sidata = LOADADDR (.data)

.data           0x0000000020000000       0x94 load address 0x00000000080097c8
                0x0000000020000000                . = ALIGN (0x4)
                0x0000000020000000                _sdata = .
 *(.data)
 *(.data*)
 .data.flag.3   0x0000000020000000        0x4 ./Core/Src/Led_effect.o
 .data.flag.2   0x0000000020000004        0x4 ./Core/Src/Led_effect.o
 .data.flag.1   0x0000000020000008        0x4 ./Core/Src/Led_effect.o
 .data.flag.0   0x000000002000000c        0x4 ./Core/Src/Led_effect.o
 .data.msg_inv  0x0000000020000010        0x4 ./Core/Src/Task_handler.o
                0x0000000020000010                msg_inv
 .data.time.2   0x0000000020000014        0x4 ./Core/Src/rtc.o
 .data.date.0   0x0000000020000018        0x4 ./Core/Src/rtc.o
 .data.SystemCoreClock
                0x000000002000001c        0x4 ./Core/Src/system_stm32l4xx.o
                0x000000002000001c                SystemCoreClock
 .data.uwTickPrio
                0x0000000020000020        0x4 ./Drivers/STM32L4xx_HAL_Driver/Src/stm32l4xx_hal.o
                0x0000000020000020                uwTickPrio
 .data.uwTickFreq
                0x0000000020000024        0x1 ./Drivers/STM32L4xx_HAL_Driver/Src/stm32l4xx_hal.o
                0x0000000020000024                uwTickFreq
 *fill*         0x0000000020000025        0x3 
 .data.uxTopUsedPriority
                0x0000000020000028        0x4 ./common/ThirdParty/FreeRTOS/tasks.o
                0x0000000020000028                uxTopUsedPriority
 .data.uxCriticalNesting
                0x000000002000002c        0x4 ./common/ThirdParty/FreeRTOS/portable/GCC/ARM_CM4F/port.o
 .data._impure_ptr
                0x0000000020000030        0x4 c:/st/stm32cubeide_1.4.0/stm32cubeide/plugins/com.st.stm32cube.ide.mcu.externaltools.gnu-tools-for-stm32.10.3-2021.10.win32_1.0.200.202301161003/tools/bin/../lib/gcc/arm-none-eabi/10.3.1/../../../../arm-none-eabi/lib/thumb/v7e-m+fp/hard\libc_nano.a(lib_a-impure.o)
                0x0000000020000030                _impure_ptr
 .data.impure_data
                0x0000000020000034       0x60 c:/st/stm32cubeide_1.4.0/stm32cubeide/plugins/com.st.stm32cube.ide.mcu.externaltools.gnu-tools-for-stm32.10.3-2021.10.win32_1.0.200.202301161003/tools/bin/../lib/gcc/arm-none-eabi/10.3.1/../../../../arm-none-eabi/lib/thumb/v7e-m+fp/hard\libc_nano.a(lib_a-impure.o)
 *(.RamFunc)
 *(.RamFunc*)
                0x0000000020000094                . = ALIGN (0x4)
                0x0000000020000094                _edata = .

.igot.plt       0x0000000020000094        0x0 load address 0x000000000800985c
 .igot.plt      0x0000000020000094        0x0 c:/st/stm32cubeide_1.4.0/stm32cubeide/plugins/com.st.stm32cube.ide.mcu.externaltools.gnu-tools-for-stm32.10.3-2021.10.win32_1.0.200.202301161003/tools/bin/../lib/gcc/arm-none-eabi/10.3.1/thumb/v7e-m+fp/hard/crtbegin.o
                0x0000000020000094                . = ALIGN (0x4)

.bss            0x0000000020000094    0x12f58 load address 0x000000000800985c
                0x0000000020000094                _sbss = .
                0x0000000020000094                __bss_start__ = _sbss
 *(.bss)
 .bss           0x0000000020000094       0x1c c:/st/stm32cubeide_1.4.0/stm32cubeide/plugins/com.st.stm32cube.ide.mcu.externaltools.gnu-tools-for-stm32.10.3-2021.10.win32_1.0.200.202301161003/tools/bin/../lib/gcc/arm-none-eabi/10.3.1/thumb/v7e-m+fp/hard/crtbegin.o
 *(.bss*)
 .bss.flag_led  0x00000000200000b0        0x4 ./Core/Src/Led_effect.o
                0x00000000200000b0                flag_led
 .bss.rtc_state.0
                0x00000000200000b4        0x4 ./Core/Src/Task_handler.o
 .bss.hrtc      0x00000000200000b8       0x24 ./Core/Src/main.o
                0x00000000200000b8                hrtc
 .bss.huart2    0x00000000200000dc       0x84 ./Core/Src/main.o
                0x00000000200000dc                huart2
 .bss.Menu_task_handle
                0x0000000020000160        0x4 ./Core/Src/main.o
                0x0000000020000160                Menu_task_handle
 .bss.LED_task_handle
                0x0000000020000164        0x4 ./Core/Src/main.o
                0x0000000020000164                LED_task_handle
 .bss.RTC_task_handle
                0x0000000020000168        0x4 ./Core/Src/main.o
                0x0000000020000168                RTC_task_handle
 .bss.Print_task_handle
                0x000000002000016c        0x4 ./Core/Src/main.o
                0x000000002000016c                Print_task_handle
 .bss.Command_handling_task_handle
                0x0000000020000170        0x4 ./Core/Src/main.o
                0x0000000020000170                Command_handling_task_handle
 .bss.Queue_data
                0x0000000020000174        0x4 ./Core/Src/main.o
                0x0000000020000174                Queue_data
 .bss.Queue_print
                0x0000000020000178        0x4 ./Core/Src/main.o
                0x0000000020000178                Queue_print
 .bss.handle_led_timer
                0x000000002000017c       0x10 ./Core/Src/main.o
                0x000000002000017c                handle_led_timer
 .bss.user_data
                0x000000002000018c        0x1 ./Core/Src/main.o
                0x000000002000018c                user_data
 .bss.curr_state
                0x000000002000018d        0x1 ./Core/Src/main.o
                0x000000002000018d                curr_state
 *fill*         0x000000002000018e        0x2 
 .bss.showtime.3
                0x0000000020000190       0x28 ./Core/Src/rtc.o
 .bss.showdate.1
                0x00000000200001b8       0x28 ./Core/Src/rtc.o
 .bss.htim6     0x00000000200001e0       0x4c ./Core/Src/stm32l4xx_hal_timebase_tim.o
                0x00000000200001e0                htim6
 .bss.__sbrk_heap_end
                0x000000002000022c        0x4 ./Core/Src/sysmem.o
 .bss.uwTick    0x0000000020000230        0x4 ./Drivers/STM32L4xx_HAL_Driver/Src/stm32l4xx_hal.o
                0x0000000020000230                uwTick
 .bss.xQueueRegistry
                0x0000000020000234       0x40 ./common/ThirdParty/FreeRTOS/queue.o
                0x0000000020000234                xQueueRegistry
 .bss.pxCurrentTCB
                0x0000000020000274        0x4 ./common/ThirdParty/FreeRTOS/tasks.o
                0x0000000020000274                pxCurrentTCB
 .bss.pxReadyTasksLists
                0x0000000020000278       0x64 ./common/ThirdParty/FreeRTOS/tasks.o
 .bss.xDelayedTaskList1
                0x00000000200002dc       0x14 ./common/ThirdParty/FreeRTOS/tasks.o
 .bss.xDelayedTaskList2
                0x00000000200002f0       0x14 ./common/ThirdParty/FreeRTOS/tasks.o
 .bss.pxDelayedTaskList
                0x0000000020000304        0x4 ./common/ThirdParty/FreeRTOS/tasks.o
 .bss.pxOverflowDelayedTaskList
                0x0000000020000308        0x4 ./common/ThirdParty/FreeRTOS/tasks.o
 .bss.xPendingReadyList
                0x000000002000030c       0x14 ./common/ThirdParty/FreeRTOS/tasks.o
 .bss.xTasksWaitingTermination
                0x0000000020000320       0x14 ./common/ThirdParty/FreeRTOS/tasks.o
 .bss.uxDeletedTasksWaitingCleanUp
                0x0000000020000334        0x4 ./common/ThirdParty/FreeRTOS/tasks.o
 .bss.xSuspendedTaskList
                0x0000000020000338       0x14 ./common/ThirdParty/FreeRTOS/tasks.o
 .bss.uxCurrentNumberOfTasks
                0x000000002000034c        0x4 ./common/ThirdParty/FreeRTOS/tasks.o
 .bss.xTickCount
                0x0000000020000350        0x4 ./common/ThirdParty/FreeRTOS/tasks.o
 .bss.uxTopReadyPriority
                0x0000000020000354        0x4 ./common/ThirdParty/FreeRTOS/tasks.o
 .bss.xSchedulerRunning
                0x0000000020000358        0x4 ./common/ThirdParty/FreeRTOS/tasks.o
 .bss.xPendedTicks
                0x000000002000035c        0x4 ./common/ThirdParty/FreeRTOS/tasks.o
 .bss.xYieldPending
                0x0000000020000360        0x4 ./common/ThirdParty/FreeRTOS/tasks.o
 .bss.xNumOfOverflows
                0x0000000020000364        0x4 ./common/ThirdParty/FreeRTOS/tasks.o
 .bss.uxTaskNumber
                0x0000000020000368        0x4 ./common/ThirdParty/FreeRTOS/tasks.o
 .bss.xNextTaskUnblockTime
                0x000000002000036c        0x4 ./common/ThirdParty/FreeRTOS/tasks.o
 .bss.xIdleTaskHandle
                0x0000000020000370        0x4 ./common/ThirdParty/FreeRTOS/tasks.o
 .bss.uxSchedulerSuspended
                0x0000000020000374        0x4 ./common/ThirdParty/FreeRTOS/tasks.o
 .bss.xActiveTimerList1
                0x0000000020000378       0x14 ./common/ThirdParty/FreeRTOS/timers.o
 .bss.xActiveTimerList2
                0x000000002000038c       0x14 ./common/ThirdParty/FreeRTOS/timers.o
 .bss.pxCurrentTimerList
                0x00000000200003a0        0x4 ./common/ThirdParty/FreeRTOS/timers.o
 .bss.pxOverflowTimerList
                0x00000000200003a4        0x4 ./common/ThirdParty/FreeRTOS/timers.o
 .bss.xTimerQueue
                0x00000000200003a8        0x4 ./common/ThirdParty/FreeRTOS/timers.o
 .bss.xTimerTaskHandle
                0x00000000200003ac        0x4 ./common/ThirdParty/FreeRTOS/timers.o
 .bss.xLastTime.0
                0x00000000200003b0        0x4 ./common/ThirdParty/FreeRTOS/timers.o
 .bss.ucMaxSysCallPriority
                0x00000000200003b4        0x1 ./common/ThirdParty/FreeRTOS/portable/GCC/ARM_CM4F/port.o
 *fill*         0x00000000200003b5        0x3 
 .bss.ulMaxPRIGROUPValue
                0x00000000200003b8        0x4 ./common/ThirdParty/FreeRTOS/portable/GCC/ARM_CM4F/port.o
 .bss.ucHeap    0x00000000200003bc    0x12c00 ./common/ThirdParty/FreeRTOS/portable/MemMang/heap_4.o
 .bss.xStart    0x0000000020012fbc        0x8 ./common/ThirdParty/FreeRTOS/portable/MemMang/heap_4.o
 .bss.pxEnd     0x0000000020012fc4        0x4 ./common/ThirdParty/FreeRTOS/portable/MemMang/heap_4.o
 .bss.xFreeBytesRemaining
                0x0000000020012fc8        0x4 ./common/ThirdParty/FreeRTOS/portable/MemMang/heap_4.o
 .bss.xMinimumEverFreeBytesRemaining
                0x0000000020012fcc        0x4 ./common/ThirdParty/FreeRTOS/portable/MemMang/heap_4.o
 .bss.xNumberOfSuccessfulAllocations
                0x0000000020012fd0        0x4 ./common/ThirdParty/FreeRTOS/portable/MemMang/heap_4.o
 .bss.xNumberOfSuccessfulFrees
                0x0000000020012fd4        0x4 ./common/ThirdParty/FreeRTOS/portable/MemMang/heap_4.o
 .bss.xBlockAllocatedBit
                0x0000000020012fd8        0x4 ./common/ThirdParty/FreeRTOS/portable/MemMang/heap_4.o
 .bss.__malloc_free_list
                0x0000000020012fdc        0x4 c:/st/stm32cubeide_1.4.0/stm32cubeide/plugins/com.st.stm32cube.ide.mcu.externaltools.gnu-tools-for-stm32.10.3-2021.10.win32_1.0.200.202301161003/tools/bin/../lib/gcc/arm-none-eabi/10.3.1/../../../../arm-none-eabi/lib/thumb/v7e-m+fp/hard\libc_nano.a(lib_a-nano-mallocr.o)
                0x0000000020012fdc                __malloc_free_list
 .bss.__malloc_sbrk_start
                0x0000000020012fe0        0x4 c:/st/stm32cubeide_1.4.0/stm32cubeide/plugins/com.st.stm32cube.ide.mcu.externaltools.gnu-tools-for-stm32.10.3-2021.10.win32_1.0.200.202301161003/tools/bin/../lib/gcc/arm-none-eabi/10.3.1/../../../../arm-none-eabi/lib/thumb/v7e-m+fp/hard\libc_nano.a(lib_a-nano-mallocr.o)
                0x0000000020012fe0                __malloc_sbrk_start
 .bss.errno     0x0000000020012fe4        0x4 c:/st/stm32cubeide_1.4.0/stm32cubeide/plugins/com.st.stm32cube.ide.mcu.externaltools.gnu-tools-for-stm32.10.3-2021.10.win32_1.0.200.202301161003/tools/bin/../lib/gcc/arm-none-eabi/10.3.1/../../../../arm-none-eabi/lib/thumb/v7e-m+fp/hard\libc_nano.a(lib_a-reent.o)
                0x0000000020012fe4                errno
 .bss.__lock___malloc_recursive_mutex
                0x0000000020012fe8        0x1 c:/st/stm32cubeide_1.4.0/stm32cubeide/plugins/com.st.stm32cube.ide.mcu.externaltools.gnu-tools-for-stm32.10.3-2021.10.win32_1.0.200.202301161003/tools/bin/../lib/gcc/arm-none-eabi/10.3.1/../../../../arm-none-eabi/lib/thumb/v7e-m+fp/hard\libc_nano.a(lib_a-lock.o)
                0x0000000020012fe8                __lock___malloc_recursive_mutex
 *(COMMON)
                0x0000000020012fec                . = ALIGN (0x4)
 *fill*         0x0000000020012fe9        0x3 
                0x0000000020012fec                _ebss = .
                0x0000000020012fec                __bss_end__ = _ebss

._user_heap_stack
                0x0000000020012fec      0x604 load address 0x000000000800985c
                0x0000000020012ff0                . = ALIGN (0x8)
 *fill*         0x0000000020012fec        0x4 
                [!provide]                        PROVIDE (end = .)
                0x0000000020012ff0                PROVIDE (_end = .)
                0x00000000200131f0                . = (. + _Min_Heap_Size)
 *fill*         0x0000000020012ff0      0x200 
                0x00000000200135f0                . = (. + _Min_Stack_Size)
 *fill*         0x00000000200131f0      0x400 
                0x00000000200135f0                . = ALIGN (0x8)

/DISCARD/
 libc.a(*)
 libm.a(*)
 libgcc.a(*)

.ARM.attributes
                0x0000000000000000       0x30
 *(.ARM.attributes)
 .ARM.attributes
                0x0000000000000000       0x1e c:/st/stm32cubeide_1.4.0/stm32cubeide/plugins/com.st.stm32cube.ide.mcu.externaltools.gnu-tools-for-stm32.10.3-2021.10.win32_1.0.200.202301161003/tools/bin/../lib/gcc/arm-none-eabi/10.3.1/thumb/v7e-m+fp/hard/crti.o
 .ARM.attributes
                0x000000000000001e       0x34 c:/st/stm32cubeide_1.4.0/stm32cubeide/plugins/com.st.stm32cube.ide.mcu.externaltools.gnu-tools-for-stm32.10.3-2021.10.win32_1.0.200.202301161003/tools/bin/../lib/gcc/arm-none-eabi/10.3.1/thumb/v7e-m+fp/hard/crtbegin.o
 .ARM.attributes
                0x0000000000000052       0x34 ./Core/Src/Led_effect.o
 .ARM.attributes
                0x0000000000000086       0x34 ./Core/Src/Task_handler.o
 .ARM.attributes
                0x00000000000000ba       0x34 ./Core/Src/main.o
 .ARM.attributes
                0x00000000000000ee       0x34 ./Core/Src/rtc.o
 .ARM.attributes
                0x0000000000000122       0x34 ./Core/Src/stm32l4xx_hal_msp.o
 .ARM.attributes
                0x0000000000000156       0x34 ./Core/Src/stm32l4xx_hal_timebase_tim.o
 .ARM.attributes
                0x000000000000018a       0x34 ./Core/Src/stm32l4xx_it.o
 .ARM.attributes
                0x00000000000001be       0x34 ./Core/Src/sysmem.o
 .ARM.attributes
                0x00000000000001f2       0x34 ./Core/Src/system_stm32l4xx.o
 .ARM.attributes
                0x0000000000000226       0x21 ./Core/Startup/startup_stm32l476rgtx.o
 .ARM.attributes
                0x0000000000000247       0x34 ./Drivers/STM32L4xx_HAL_Driver/Src/stm32l4xx_hal.o
 .ARM.attributes
                0x000000000000027b       0x34 ./Drivers/STM32L4xx_HAL_Driver/Src/stm32l4xx_hal_cortex.o
 .ARM.attributes
                0x00000000000002af       0x34 ./Drivers/STM32L4xx_HAL_Driver/Src/stm32l4xx_hal_dma.o
 .ARM.attributes
                0x00000000000002e3       0x34 ./Drivers/STM32L4xx_HAL_Driver/Src/stm32l4xx_hal_gpio.o
 .ARM.attributes
                0x0000000000000317       0x34 ./Drivers/STM32L4xx_HAL_Driver/Src/stm32l4xx_hal_pwr_ex.o
 .ARM.attributes
                0x000000000000034b       0x34 ./Drivers/STM32L4xx_HAL_Driver/Src/stm32l4xx_hal_rcc.o
 .ARM.attributes
                0x000000000000037f       0x34 ./Drivers/STM32L4xx_HAL_Driver/Src/stm32l4xx_hal_rcc_ex.o
 .ARM.attributes
                0x00000000000003b3       0x34 ./Drivers/STM32L4xx_HAL_Driver/Src/stm32l4xx_hal_rtc.o
 .ARM.attributes
                0x00000000000003e7       0x34 ./Drivers/STM32L4xx_HAL_Driver/Src/stm32l4xx_hal_tim.o
 .ARM.attributes
                0x000000000000041b       0x34 ./Drivers/STM32L4xx_HAL_Driver/Src/stm32l4xx_hal_tim_ex.o
 .ARM.attributes
                0x000000000000044f       0x34 ./Drivers/STM32L4xx_HAL_Driver/Src/stm32l4xx_hal_uart.o
 .ARM.attributes
                0x0000000000000483       0x34 ./Drivers/STM32L4xx_HAL_Driver/Src/stm32l4xx_hal_uart_ex.o
 .ARM.attributes
                0x00000000000004b7       0x34 ./common/ThirdParty/FreeRTOS/list.o
 .ARM.attributes
                0x00000000000004eb       0x34 ./common/ThirdParty/FreeRTOS/queue.o
 .ARM.attributes
                0x000000000000051f       0x34 ./common/ThirdParty/FreeRTOS/tasks.o
 .ARM.attributes
                0x0000000000000553       0x34 ./common/ThirdParty/FreeRTOS/timers.o
 .ARM.attributes
                0x0000000000000587       0x34 ./common/ThirdParty/FreeRTOS/portable/GCC/ARM_CM4F/port.o
 .ARM.attributes
                0x00000000000005bb       0x34 ./common/ThirdParty/FreeRTOS/portable/MemMang/heap_4.o
 .ARM.attributes
                0x00000000000005ef       0x34 c:/st/stm32cubeide_1.4.0/stm32cubeide/plugins/com.st.stm32cube.ide.mcu.externaltools.gnu-tools-for-stm32.10.3-2021.10.win32_1.0.200.202301161003/tools/bin/../lib/gcc/arm-none-eabi/10.3.1/../../../../arm-none-eabi/lib/thumb/v7e-m+fp/hard\libc_nano.a(lib_a-errno.o)
 .ARM.attributes
                0x0000000000000623       0x34 c:/st/stm32cubeide_1.4.0/stm32cubeide/plugins/com.st.stm32cube.ide.mcu.externaltools.gnu-tools-for-stm32.10.3-2021.10.win32_1.0.200.202301161003/tools/bin/../lib/gcc/arm-none-eabi/10.3.1/../../../../arm-none-eabi/lib/thumb/v7e-m+fp/hard\libc_nano.a(lib_a-impure.o)
 .ARM.attributes
                0x0000000000000657       0x34 c:/st/stm32cubeide_1.4.0/stm32cubeide/plugins/com.st.stm32cube.ide.mcu.externaltools.gnu-tools-for-stm32.10.3-2021.10.win32_1.0.200.202301161003/tools/bin/../lib/gcc/arm-none-eabi/10.3.1/../../../../arm-none-eabi/lib/thumb/v7e-m+fp/hard\libc_nano.a(lib_a-init.o)
 .ARM.attributes
                0x000000000000068b       0x34 c:/st/stm32cubeide_1.4.0/stm32cubeide/plugins/com.st.stm32cube.ide.mcu.externaltools.gnu-tools-for-stm32.10.3-2021.10.win32_1.0.200.202301161003/tools/bin/../lib/gcc/arm-none-eabi/10.3.1/../../../../arm-none-eabi/lib/thumb/v7e-m+fp/hard\libc_nano.a(lib_a-memcpy-stub.o)
 .ARM.attributes
                0x00000000000006bf       0x34 c:/st/stm32cubeide_1.4.0/stm32cubeide/plugins/com.st.stm32cube.ide.mcu.externaltools.gnu-tools-for-stm32.10.3-2021.10.win32_1.0.200.202301161003/tools/bin/../lib/gcc/arm-none-eabi/10.3.1/../../../../arm-none-eabi/lib/thumb/v7e-m+fp/hard\libc_nano.a(lib_a-memset.o)
 .ARM.attributes
                0x00000000000006f3       0x34 c:/st/stm32cubeide_1.4.0/stm32cubeide/plugins/com.st.stm32cube.ide.mcu.externaltools.gnu-tools-for-stm32.10.3-2021.10.win32_1.0.200.202301161003/tools/bin/../lib/gcc/arm-none-eabi/10.3.1/../../../../arm-none-eabi/lib/thumb/v7e-m+fp/hard\libc_nano.a(lib_a-sprintf.o)
 .ARM.attributes
                0x0000000000000727       0x1c c:/st/stm32cubeide_1.4.0/stm32cubeide/plugins/com.st.stm32cube.ide.mcu.externaltools.gnu-tools-for-stm32.10.3-2021.10.win32_1.0.200.202301161003/tools/bin/../lib/gcc/arm-none-eabi/10.3.1/../../../../arm-none-eabi/lib/thumb/v7e-m+fp/hard\libc_nano.a(lib_a-strcmp.o)
 .ARM.attributes
                0x0000000000000743       0x17 c:/st/stm32cubeide_1.4.0/stm32cubeide/plugins/com.st.stm32cube.ide.mcu.externaltools.gnu-tools-for-stm32.10.3-2021.10.win32_1.0.200.202301161003/tools/bin/../lib/gcc/arm-none-eabi/10.3.1/../../../../arm-none-eabi/lib/thumb/v7e-m+fp/hard\libc_nano.a(lib_a-strlen.o)
 .ARM.attributes
                0x000000000000075a       0x34 c:/st/stm32cubeide_1.4.0/stm32cubeide/plugins/com.st.stm32cube.ide.mcu.externaltools.gnu-tools-for-stm32.10.3-2021.10.win32_1.0.200.202301161003/tools/bin/../lib/gcc/arm-none-eabi/10.3.1/../../../../arm-none-eabi/lib/thumb/v7e-m+fp/hard\libc_nano.a(lib_a-nano-svfprintf.o)
 .ARM.attributes
                0x000000000000078e       0x34 c:/st/stm32cubeide_1.4.0/stm32cubeide/plugins/com.st.stm32cube.ide.mcu.externaltools.gnu-tools-for-stm32.10.3-2021.10.win32_1.0.200.202301161003/tools/bin/../lib/gcc/arm-none-eabi/10.3.1/../../../../arm-none-eabi/lib/thumb/v7e-m+fp/hard\libc_nano.a(lib_a-nano-vfprintf_i.o)
 .ARM.attributes
                0x00000000000007c2       0x1c c:/st/stm32cubeide_1.4.0/stm32cubeide/plugins/com.st.stm32cube.ide.mcu.externaltools.gnu-tools-for-stm32.10.3-2021.10.win32_1.0.200.202301161003/tools/bin/../lib/gcc/arm-none-eabi/10.3.1/../../../../arm-none-eabi/lib/thumb/v7e-m+fp/hard\libc_nano.a(lib_a-memchr.o)
 .ARM.attributes
                0x00000000000007de       0x34 c:/st/stm32cubeide_1.4.0/stm32cubeide/plugins/com.st.stm32cube.ide.mcu.externaltools.gnu-tools-for-stm32.10.3-2021.10.win32_1.0.200.202301161003/tools/bin/../lib/gcc/arm-none-eabi/10.3.1/../../../../arm-none-eabi/lib/thumb/v7e-m+fp/hard\libc_nano.a(lib_a-memmove.o)
 .ARM.attributes
                0x0000000000000812       0x34 c:/st/stm32cubeide_1.4.0/stm32cubeide/plugins/com.st.stm32cube.ide.mcu.externaltools.gnu-tools-for-stm32.10.3-2021.10.win32_1.0.200.202301161003/tools/bin/../lib/gcc/arm-none-eabi/10.3.1/../../../../arm-none-eabi/lib/thumb/v7e-m+fp/hard\libc_nano.a(lib_a-nano-freer.o)
 .ARM.attributes
                0x0000000000000846       0x34 c:/st/stm32cubeide_1.4.0/stm32cubeide/plugins/com.st.stm32cube.ide.mcu.externaltools.gnu-tools-for-stm32.10.3-2021.10.win32_1.0.200.202301161003/tools/bin/../lib/gcc/arm-none-eabi/10.3.1/../../../../arm-none-eabi/lib/thumb/v7e-m+fp/hard\libc_nano.a(lib_a-nano-mallocr.o)
 .ARM.attributes
                0x000000000000087a       0x34 c:/st/stm32cubeide_1.4.0/stm32cubeide/plugins/com.st.stm32cube.ide.mcu.externaltools.gnu-tools-for-stm32.10.3-2021.10.win32_1.0.200.202301161003/tools/bin/../lib/gcc/arm-none-eabi/10.3.1/../../../../arm-none-eabi/lib/thumb/v7e-m+fp/hard\libc_nano.a(lib_a-nano-reallocr.o)
 .ARM.attributes
                0x00000000000008ae       0x34 c:/st/stm32cubeide_1.4.0/stm32cubeide/plugins/com.st.stm32cube.ide.mcu.externaltools.gnu-tools-for-stm32.10.3-2021.10.win32_1.0.200.202301161003/tools/bin/../lib/gcc/arm-none-eabi/10.3.1/../../../../arm-none-eabi/lib/thumb/v7e-m+fp/hard\libc_nano.a(lib_a-sbrkr.o)
 .ARM.attributes
                0x00000000000008e2       0x34 c:/st/stm32cubeide_1.4.0/stm32cubeide/plugins/com.st.stm32cube.ide.mcu.externaltools.gnu-tools-for-stm32.10.3-2021.10.win32_1.0.200.202301161003/tools/bin/../lib/gcc/arm-none-eabi/10.3.1/../../../../arm-none-eabi/lib/thumb/v7e-m+fp/hard\libc_nano.a(lib_a-mlock.o)
 .ARM.attributes
                0x0000000000000916       0x34 c:/st/stm32cubeide_1.4.0/stm32cubeide/plugins/com.st.stm32cube.ide.mcu.externaltools.gnu-tools-for-stm32.10.3-2021.10.win32_1.0.200.202301161003/tools/bin/../lib/gcc/arm-none-eabi/10.3.1/../../../../arm-none-eabi/lib/thumb/v7e-m+fp/hard\libc_nano.a(lib_a-nano-msizer.o)
 .ARM.attributes
                0x000000000000094a       0x34 c:/st/stm32cubeide_1.4.0/stm32cubeide/plugins/com.st.stm32cube.ide.mcu.externaltools.gnu-tools-for-stm32.10.3-2021.10.win32_1.0.200.202301161003/tools/bin/../lib/gcc/arm-none-eabi/10.3.1/../../../../arm-none-eabi/lib/thumb/v7e-m+fp/hard\libc_nano.a(lib_a-reent.o)
 .ARM.attributes
                0x000000000000097e       0x34 c:/st/stm32cubeide_1.4.0/stm32cubeide/plugins/com.st.stm32cube.ide.mcu.externaltools.gnu-tools-for-stm32.10.3-2021.10.win32_1.0.200.202301161003/tools/bin/../lib/gcc/arm-none-eabi/10.3.1/../../../../arm-none-eabi/lib/thumb/v7e-m+fp/hard\libc_nano.a(lib_a-lock.o)
 .ARM.attributes
                0x00000000000009b2       0x1e c:/st/stm32cubeide_1.4.0/stm32cubeide/plugins/com.st.stm32cube.ide.mcu.externaltools.gnu-tools-for-stm32.10.3-2021.10.win32_1.0.200.202301161003/tools/bin/../lib/gcc/arm-none-eabi/10.3.1/thumb/v7e-m+fp/hard\libgcc.a(_aeabi_uldivmod.o)
 .ARM.attributes
                0x00000000000009d0       0x34 c:/st/stm32cubeide_1.4.0/stm32cubeide/plugins/com.st.stm32cube.ide.mcu.externaltools.gnu-tools-for-stm32.10.3-2021.10.win32_1.0.200.202301161003/tools/bin/../lib/gcc/arm-none-eabi/10.3.1/thumb/v7e-m+fp/hard\libgcc.a(_udivmoddi4.o)
 .ARM.attributes
                0x0000000000000a04       0x1e c:/st/stm32cubeide_1.4.0/stm32cubeide/plugins/com.st.stm32cube.ide.mcu.externaltools.gnu-tools-for-stm32.10.3-2021.10.win32_1.0.200.202301161003/tools/bin/../lib/gcc/arm-none-eabi/10.3.1/thumb/v7e-m+fp/hard\libgcc.a(_dvmd_tls.o)
 .ARM.attributes
                0x0000000000000a22       0x1e c:/st/stm32cubeide_1.4.0/stm32cubeide/plugins/com.st.stm32cube.ide.mcu.externaltools.gnu-tools-for-stm32.10.3-2021.10.win32_1.0.200.202301161003/tools/bin/../lib/gcc/arm-none-eabi/10.3.1/thumb/v7e-m+fp/hard/crtn.o
OUTPUT(005QUEUES_AND_TIMERS.elf elf32-littlearm)
LOAD linker stubs
LOAD c:/st/stm32cubeide_1.4.0/stm32cubeide/plugins/com.st.stm32cube.ide.mcu.externaltools.gnu-tools-for-stm32.10.3-2021.10.win32_1.0.200.202301161003/tools/bin/../lib/gcc/arm-none-eabi/10.3.1/../../../../arm-none-eabi/lib/thumb/v7e-m+fp/hard\libc.a
LOAD c:/st/stm32cubeide_1.4.0/stm32cubeide/plugins/com.st.stm32cube.ide.mcu.externaltools.gnu-tools-for-stm32.10.3-2021.10.win32_1.0.200.202301161003/tools/bin/../lib/gcc/arm-none-eabi/10.3.1/../../../../arm-none-eabi/lib/thumb/v7e-m+fp/hard\libm.a
LOAD c:/st/stm32cubeide_1.4.0/stm32cubeide/plugins/com.st.stm32cube.ide.mcu.externaltools.gnu-tools-for-stm32.10.3-2021.10.win32_1.0.200.202301161003/tools/bin/../lib/gcc/arm-none-eabi/10.3.1/thumb/v7e-m+fp/hard\libgcc.a

.debug_info     0x0000000000000000    0x1b1a1
 .debug_info    0x0000000000000000      0x3f0 ./Core/Src/Led_effect.o
 .debug_info    0x00000000000003f0      0xe81 ./Core/Src/Task_handler.o
 .debug_info    0x0000000000001271     0x1d46 ./Core/Src/main.o
 .debug_info    0x0000000000002fb7      0x84c ./Core/Src/rtc.o
 .debug_info    0x0000000000003803     0x1426 ./Core/Src/stm32l4xx_hal_msp.o
 .debug_info    0x0000000000004c29      0xcdf ./Core/Src/stm32l4xx_hal_timebase_tim.o
 .debug_info    0x0000000000005908      0xb21 ./Core/Src/stm32l4xx_it.o
 .debug_info    0x0000000000006429      0x171 ./Core/Src/sysmem.o
 .debug_info    0x000000000000659a      0x5c6 ./Core/Src/system_stm32l4xx.o
 .debug_info    0x0000000000006b60       0x22 ./Core/Startup/startup_stm32l476rgtx.o
 .debug_info    0x0000000000006b82      0xc57 ./Drivers/STM32L4xx_HAL_Driver/Src/stm32l4xx_hal.o
 .debug_info    0x00000000000077d9      0xe21 ./Drivers/STM32L4xx_HAL_Driver/Src/stm32l4xx_hal_cortex.o
 .debug_info    0x00000000000085fa      0x76a ./Drivers/STM32L4xx_HAL_Driver/Src/stm32l4xx_hal_dma.o
 .debug_info    0x0000000000008d64      0x821 ./Drivers/STM32L4xx_HAL_Driver/Src/stm32l4xx_hal_gpio.o
 .debug_info    0x0000000000009585      0x9f0 ./Drivers/STM32L4xx_HAL_Driver/Src/stm32l4xx_hal_pwr_ex.o
 .debug_info    0x0000000000009f75      0xced ./Drivers/STM32L4xx_HAL_Driver/Src/stm32l4xx_hal_rcc.o
 .debug_info    0x000000000000ac62      0xe92 ./Drivers/STM32L4xx_HAL_Driver/Src/stm32l4xx_hal_rcc_ex.o
 .debug_info    0x000000000000baf4      0xea7 ./Drivers/STM32L4xx_HAL_Driver/Src/stm32l4xx_hal_rtc.o
 .debug_info    0x000000000000c99b     0x2d04 ./Drivers/STM32L4xx_HAL_Driver/Src/stm32l4xx_hal_tim.o
 .debug_info    0x000000000000f69f     0x17eb ./Drivers/STM32L4xx_HAL_Driver/Src/stm32l4xx_hal_tim_ex.o
 .debug_info    0x0000000000010e8a     0x3d0e ./Drivers/STM32L4xx_HAL_Driver/Src/stm32l4xx_hal_uart.o
 .debug_info    0x0000000000014b98      0xe37 ./Drivers/STM32L4xx_HAL_Driver/Src/stm32l4xx_hal_uart_ex.o
 .debug_info    0x00000000000159cf      0x2d1 ./common/ThirdParty/FreeRTOS/list.o
 .debug_info    0x0000000000015ca0     0x18ee ./common/ThirdParty/FreeRTOS/queue.o
 .debug_info    0x000000000001758e     0x227a ./common/ThirdParty/FreeRTOS/tasks.o
 .debug_info    0x0000000000019808      0xedd ./common/ThirdParty/FreeRTOS/timers.o
 .debug_info    0x000000000001a6e5      0x5af ./common/ThirdParty/FreeRTOS/portable/GCC/ARM_CM4F/port.o
 .debug_info    0x000000000001ac94      0x50d ./common/ThirdParty/FreeRTOS/portable/MemMang/heap_4.o

.debug_abbrev   0x0000000000000000     0x3be5
 .debug_abbrev  0x0000000000000000      0x1c4 ./Core/Src/Led_effect.o
 .debug_abbrev  0x00000000000001c4      0x290 ./Core/Src/Task_handler.o
 .debug_abbrev  0x0000000000000454      0x3a2 ./Core/Src/main.o
 .debug_abbrev  0x00000000000007f6      0x19d ./Core/Src/rtc.o
 .debug_abbrev  0x0000000000000993      0x1ea ./Core/Src/stm32l4xx_hal_msp.o
 .debug_abbrev  0x0000000000000b7d      0x1e6 ./Core/Src/stm32l4xx_hal_timebase_tim.o
 .debug_abbrev  0x0000000000000d63      0x178 ./Core/Src/stm32l4xx_it.o
 .debug_abbrev  0x0000000000000edb       0xbb ./Core/Src/sysmem.o
 .debug_abbrev  0x0000000000000f96      0x116 ./Core/Src/system_stm32l4xx.o
 .debug_abbrev  0x00000000000010ac       0x12 ./Core/Startup/startup_stm32l476rgtx.o
 .debug_abbrev  0x00000000000010be      0x23a ./Drivers/STM32L4xx_HAL_Driver/Src/stm32l4xx_hal.o
 .debug_abbrev  0x00000000000012f8      0x316 ./Drivers/STM32L4xx_HAL_Driver/Src/stm32l4xx_hal_cortex.o
 .debug_abbrev  0x000000000000160e      0x1d7 ./Drivers/STM32L4xx_HAL_Driver/Src/stm32l4xx_hal_dma.o
 .debug_abbrev  0x00000000000017e5      0x1bb ./Drivers/STM32L4xx_HAL_Driver/Src/stm32l4xx_hal_gpio.o
 .debug_abbrev  0x00000000000019a0      0x1f3 ./Drivers/STM32L4xx_HAL_Driver/Src/stm32l4xx_hal_pwr_ex.o
 .debug_abbrev  0x0000000000001b93      0x2bd ./Drivers/STM32L4xx_HAL_Driver/Src/stm32l4xx_hal_rcc.o
 .debug_abbrev  0x0000000000001e50      0x299 ./Drivers/STM32L4xx_HAL_Driver/Src/stm32l4xx_hal_rcc_ex.o
 .debug_abbrev  0x00000000000020e9      0x1f2 ./Drivers/STM32L4xx_HAL_Driver/Src/stm32l4xx_hal_rtc.o
 .debug_abbrev  0x00000000000022db      0x264 ./Drivers/STM32L4xx_HAL_Driver/Src/stm32l4xx_hal_tim.o
 .debug_abbrev  0x000000000000253f      0x26c ./Drivers/STM32L4xx_HAL_Driver/Src/stm32l4xx_hal_tim_ex.o
 .debug_abbrev  0x00000000000027ab      0x2bc ./Drivers/STM32L4xx_HAL_Driver/Src/stm32l4xx_hal_uart.o
 .debug_abbrev  0x0000000000002a67      0x2ab ./Drivers/STM32L4xx_HAL_Driver/Src/stm32l4xx_hal_uart_ex.o
 .debug_abbrev  0x0000000000002d12       0xf2 ./common/ThirdParty/FreeRTOS/list.o
 .debug_abbrev  0x0000000000002e04      0x312 ./common/ThirdParty/FreeRTOS/queue.o
 .debug_abbrev  0x0000000000003116      0x38c ./common/ThirdParty/FreeRTOS/tasks.o
 .debug_abbrev  0x00000000000034a2      0x2d8 ./common/ThirdParty/FreeRTOS/timers.o
 .debug_abbrev  0x000000000000377a      0x259 ./common/ThirdParty/FreeRTOS/portable/GCC/ARM_CM4F/port.o
 .debug_abbrev  0x00000000000039d3      0x212 ./common/ThirdParty/FreeRTOS/portable/MemMang/heap_4.o

.debug_aranges  0x0000000000000000     0x16a0
 .debug_aranges
                0x0000000000000000       0x88 ./Core/Src/Led_effect.o
 .debug_aranges
                0x0000000000000088       0x58 ./Core/Src/Task_handler.o
 .debug_aranges
                0x00000000000000e0       0x60 ./Core/Src/main.o
 .debug_aranges
                0x0000000000000140       0x38 ./Core/Src/rtc.o
 .debug_aranges
                0x0000000000000178       0x40 ./Core/Src/stm32l4xx_hal_msp.o
 .debug_aranges
                0x00000000000001b8       0x30 ./Core/Src/stm32l4xx_hal_timebase_tim.o
 .debug_aranges
                0x00000000000001e8       0x60 ./Core/Src/stm32l4xx_it.o
 .debug_aranges
                0x0000000000000248       0x20 ./Core/Src/sysmem.o
 .debug_aranges
                0x0000000000000268       0x28 ./Core/Src/system_stm32l4xx.o
 .debug_aranges