../Core/Src/main.c:87:5:main	32	static,ignoring_inline_asm
../Core/Src/main.c:185:6:SystemClock_Config	96	static
../Core/Src/main.c:236:13:MX_RTC_Init	8	static
../Core/Src/main.c:272:13:MX_USART2_UART_Init	8	static
../Core/Src/main.c:307:13:MX_GPIO_Init	48	static
../Core/Src/main.c:355:6:HAL_UART_RxCpltCallback	32	static
../Core/Src/main.c:382:6:led_effect_callback	24	static
../Core/Src/main.c:414:6:HAL_TIM_PeriodElapsedCallback	16	static
../Core/Src/main.c:431:6:Error_Handler	4	static,ignoring_inline_asm
